Archive member included to satisfy reference by file (symbol)

c:/gnutoolchain/5.4_2016q2/bin/../lib/gcc/arm-none-eabi/5.4.1/armv7e-m\libgcc.a(_arm_addsubdf3.o)
                              ..\obj\main.o (__aeabi_dadd)
c:/gnutoolchain/5.4_2016q2/bin/../lib/gcc/arm-none-eabi/5.4.1/armv7e-m\libgcc.a(_arm_cmpdf2.o)
                              ..\obj\main.o (__aeabi_dcmpgt)
c:/gnutoolchain/5.4_2016q2/bin/../lib/gcc/arm-none-eabi/5.4.1/armv7e-m\libgcc.a(_arm_addsubsf3.o)
                              ..\obj\tm_stm32f4_ds18b20.o (__aeabi_fsub)
c:/gnutoolchain/5.4_2016q2/bin/../lib/gcc/arm-none-eabi/5.4.1/armv7e-m\libgcc.a(_arm_muldivsf3.o)
                              ..\obj\tm_stm32f4_ds18b20.o (__aeabi_fmul)
c:/gnutoolchain/5.4_2016q2/bin/../lib/gcc/arm-none-eabi/5.4.1/armv7e-m\libgcc.a(_arm_cmpsf2.o)
                              ..\obj\main.o (__aeabi_fcmplt)
c:/gnutoolchain/5.4_2016q2/bin/../lib/gcc/arm-none-eabi/5.4.1/../../../../arm-none-eabi/lib/armv7e-m\libg.a(lib_a-malloc.o)
                              ..\obj\tm_stm32f4_delay.o (malloc)
c:/gnutoolchain/5.4_2016q2/bin/../lib/gcc/arm-none-eabi/5.4.1/../../../../arm-none-eabi/lib/armv7e-m\libg.a(lib_a-mallocr.o)
                              c:/gnutoolchain/5.4_2016q2/bin/../lib/gcc/arm-none-eabi/5.4.1/../../../../arm-none-eabi/lib/armv7e-m\libg.a(lib_a-malloc.o) (_malloc_r)
c:/gnutoolchain/5.4_2016q2/bin/../lib/gcc/arm-none-eabi/5.4.1/../../../../arm-none-eabi/lib/armv7e-m\libg.a(lib_a-mlock.o)
                              c:/gnutoolchain/5.4_2016q2/bin/../lib/gcc/arm-none-eabi/5.4.1/../../../../arm-none-eabi/lib/armv7e-m\libg.a(lib_a-mallocr.o) (__malloc_lock)
c:/gnutoolchain/5.4_2016q2/bin/../lib/gcc/arm-none-eabi/5.4.1/../../../../arm-none-eabi/lib/armv7e-m\libg.a(lib_a-sbrkr.o)
                              c:/gnutoolchain/5.4_2016q2/bin/../lib/gcc/arm-none-eabi/5.4.1/../../../../arm-none-eabi/lib/armv7e-m\libg.a(lib_a-mallocr.o) (_sbrk_r)
c:/gnutoolchain/5.4_2016q2/bin/../lib/gcc/arm-none-eabi/5.4.1/../../../../arm-none-eabi/lib/armv7e-m\libg.a(lib_a-sprintf.o)
                              ..\obj\main.o (sprintf)
c:/gnutoolchain/5.4_2016q2/bin/../lib/gcc/arm-none-eabi/5.4.1/../../../../arm-none-eabi/lib/armv7e-m\libg.a(lib_a-svfprintf.o)
                              c:/gnutoolchain/5.4_2016q2/bin/../lib/gcc/arm-none-eabi/5.4.1/../../../../arm-none-eabi/lib/armv7e-m\libg.a(lib_a-sprintf.o) (_svfprintf_r)
c:/gnutoolchain/5.4_2016q2/bin/../lib/gcc/arm-none-eabi/5.4.1/../../../../arm-none-eabi/lib/armv7e-m\libg.a(lib_a-dtoa.o)
                              c:/gnutoolchain/5.4_2016q2/bin/../lib/gcc/arm-none-eabi/5.4.1/../../../../arm-none-eabi/lib/armv7e-m\libg.a(lib_a-svfprintf.o) (_dtoa_r)
c:/gnutoolchain/5.4_2016q2/bin/../lib/gcc/arm-none-eabi/5.4.1/../../../../arm-none-eabi/lib/armv7e-m\libg.a(lib_a-freer.o)
                              c:/gnutoolchain/5.4_2016q2/bin/../lib/gcc/arm-none-eabi/5.4.1/../../../../arm-none-eabi/lib/armv7e-m\libg.a(lib_a-malloc.o) (_free_r)
c:/gnutoolchain/5.4_2016q2/bin/../lib/gcc/arm-none-eabi/5.4.1/../../../../arm-none-eabi/lib/armv7e-m\libg.a(lib_a-impure.o)
                              c:/gnutoolchain/5.4_2016q2/bin/../lib/gcc/arm-none-eabi/5.4.1/../../../../arm-none-eabi/lib/armv7e-m\libg.a(lib_a-malloc.o) (_impure_ptr)
c:/gnutoolchain/5.4_2016q2/bin/../lib/gcc/arm-none-eabi/5.4.1/../../../../arm-none-eabi/lib/armv7e-m\libg.a(lib_a-locale.o)
                              c:/gnutoolchain/5.4_2016q2/bin/../lib/gcc/arm-none-eabi/5.4.1/../../../../arm-none-eabi/lib/armv7e-m\libg.a(lib_a-svfprintf.o) (_localeconv_r)
c:/gnutoolchain/5.4_2016q2/bin/../lib/gcc/arm-none-eabi/5.4.1/../../../../arm-none-eabi/lib/armv7e-m\libg.a(lib_a-memchr.o)
                              c:/gnutoolchain/5.4_2016q2/bin/../lib/gcc/arm-none-eabi/5.4.1/../../../../arm-none-eabi/lib/armv7e-m\libg.a(lib_a-svfprintf.o) (memchr)
c:/gnutoolchain/5.4_2016q2/bin/../lib/gcc/arm-none-eabi/5.4.1/../../../../arm-none-eabi/lib/armv7e-m\libg.a(lib_a-memcpy.o)
                              c:/gnutoolchain/5.4_2016q2/bin/../lib/gcc/arm-none-eabi/5.4.1/../../../../arm-none-eabi/lib/armv7e-m\libg.a(lib_a-dtoa.o) (memcpy)
c:/gnutoolchain/5.4_2016q2/bin/../lib/gcc/arm-none-eabi/5.4.1/../../../../arm-none-eabi/lib/armv7e-m\libg.a(lib_a-mprec.o)
                              c:/gnutoolchain/5.4_2016q2/bin/../lib/gcc/arm-none-eabi/5.4.1/../../../../arm-none-eabi/lib/armv7e-m\libg.a(lib_a-dtoa.o) (_Balloc)
c:/gnutoolchain/5.4_2016q2/bin/../lib/gcc/arm-none-eabi/5.4.1/../../../../arm-none-eabi/lib/armv7e-m\libg.a(lib_a-reent.o)
                              c:/gnutoolchain/5.4_2016q2/bin/../lib/gcc/arm-none-eabi/5.4.1/../../../../arm-none-eabi/lib/armv7e-m\libg.a(lib_a-sbrkr.o) (errno)
c:/gnutoolchain/5.4_2016q2/bin/../lib/gcc/arm-none-eabi/5.4.1/../../../../arm-none-eabi/lib/armv7e-m\libg.a(lib_a-strcmp.o)
                              c:/gnutoolchain/5.4_2016q2/bin/../lib/gcc/arm-none-eabi/5.4.1/../../../../arm-none-eabi/lib/armv7e-m\libg.a(lib_a-locale.o) (strcmp)
c:/gnutoolchain/5.4_2016q2/bin/../lib/gcc/arm-none-eabi/5.4.1/../../../../arm-none-eabi/lib/armv7e-m\libg.a(lib_a-strlen.o)
                              c:/gnutoolchain/5.4_2016q2/bin/../lib/gcc/arm-none-eabi/5.4.1/../../../../arm-none-eabi/lib/armv7e-m\libg.a(lib_a-svfprintf.o) (strlen)
c:/gnutoolchain/5.4_2016q2/bin/../lib/gcc/arm-none-eabi/5.4.1/../../../../arm-none-eabi/lib/armv7e-m\libg.a(lib_a-svfiprintf.o)
                              c:/gnutoolchain/5.4_2016q2/bin/../lib/gcc/arm-none-eabi/5.4.1/../../../../arm-none-eabi/lib/armv7e-m\libg.a(lib_a-svfprintf.o) (__ssprint_r)
c:/gnutoolchain/5.4_2016q2/bin/../lib/gcc/arm-none-eabi/5.4.1/../../../../arm-none-eabi/lib/armv7e-m\libg.a(lib_a-callocr.o)
                              c:/gnutoolchain/5.4_2016q2/bin/../lib/gcc/arm-none-eabi/5.4.1/../../../../arm-none-eabi/lib/armv7e-m\libg.a(lib_a-mprec.o) (_calloc_r)
c:/gnutoolchain/5.4_2016q2/bin/../lib/gcc/arm-none-eabi/5.4.1/../../../../arm-none-eabi/lib/armv7e-m\libg.a(lib_a-memmove.o)
                              c:/gnutoolchain/5.4_2016q2/bin/../lib/gcc/arm-none-eabi/5.4.1/../../../../arm-none-eabi/lib/armv7e-m\libg.a(lib_a-svfiprintf.o) (memmove)
c:/gnutoolchain/5.4_2016q2/bin/../lib/gcc/arm-none-eabi/5.4.1/../../../../arm-none-eabi/lib/armv7e-m\libg.a(lib_a-memset.o)
                              c:/gnutoolchain/5.4_2016q2/bin/../lib/gcc/arm-none-eabi/5.4.1/../../../../arm-none-eabi/lib/armv7e-m\libg.a(lib_a-callocr.o) (memset)
c:/gnutoolchain/5.4_2016q2/bin/../lib/gcc/arm-none-eabi/5.4.1/../../../../arm-none-eabi/lib/armv7e-m\libg.a(lib_a-reallocr.o)
                              c:/gnutoolchain/5.4_2016q2/bin/../lib/gcc/arm-none-eabi/5.4.1/../../../../arm-none-eabi/lib/armv7e-m\libg.a(lib_a-svfiprintf.o) (_realloc_r)
c:/gnutoolchain/5.4_2016q2/bin/../lib/gcc/arm-none-eabi/5.4.1/armv7e-m\libgcc.a(_arm_muldivdf3.o)
                              c:/gnutoolchain/5.4_2016q2/bin/../lib/gcc/arm-none-eabi/5.4.1/../../../../arm-none-eabi/lib/armv7e-m\libg.a(lib_a-dtoa.o) (__aeabi_dmul)
c:/gnutoolchain/5.4_2016q2/bin/../lib/gcc/arm-none-eabi/5.4.1/armv7e-m\libgcc.a(_arm_unorddf2.o)
                              c:/gnutoolchain/5.4_2016q2/bin/../lib/gcc/arm-none-eabi/5.4.1/../../../../arm-none-eabi/lib/armv7e-m\libg.a(lib_a-svfprintf.o) (__aeabi_dcmpun)
c:/gnutoolchain/5.4_2016q2/bin/../lib/gcc/arm-none-eabi/5.4.1/armv7e-m\libgcc.a(_arm_fixdfsi.o)
                              c:/gnutoolchain/5.4_2016q2/bin/../lib/gcc/arm-none-eabi/5.4.1/../../../../arm-none-eabi/lib/armv7e-m\libg.a(lib_a-dtoa.o) (__aeabi_d2iz)
c:/gnutoolchain/5.4_2016q2/bin/../lib/gcc/arm-none-eabi/5.4.1/armv7e-m\libgcc.a(_aeabi_uldivmod.o)
                              c:/gnutoolchain/5.4_2016q2/bin/../lib/gcc/arm-none-eabi/5.4.1/../../../../arm-none-eabi/lib/armv7e-m\libg.a(lib_a-svfprintf.o) (__aeabi_uldivmod)
c:/gnutoolchain/5.4_2016q2/bin/../lib/gcc/arm-none-eabi/5.4.1/armv7e-m\libgcc.a(_udivmoddi4.o)
                              c:/gnutoolchain/5.4_2016q2/bin/../lib/gcc/arm-none-eabi/5.4.1/armv7e-m\libgcc.a(_aeabi_uldivmod.o) (__udivmoddi4)
c:/gnutoolchain/5.4_2016q2/bin/../lib/gcc/arm-none-eabi/5.4.1/armv7e-m\libgcc.a(_dvmd_tls.o)
                              c:/gnutoolchain/5.4_2016q2/bin/../lib/gcc/arm-none-eabi/5.4.1/armv7e-m\libgcc.a(_aeabi_uldivmod.o) (__aeabi_ldiv0)

Allocating common symbols
Common symbol       size              file

errno               0x4               c:/gnutoolchain/5.4_2016q2/bin/../lib/gcc/arm-none-eabi/5.4.1/../../../../arm-none-eabi/lib/armv7e-m\libg.a(lib_a-reent.o)
mult                0x4               ..\obj\tm_stm32f4_delay.o

Discarded input sections

 .text          0x00000000        0x0 ..\obj\stm32f4xx_syscfg.o
 .data          0x00000000        0x0 ..\obj\stm32f4xx_syscfg.o
 .bss           0x00000000        0x0 ..\obj\stm32f4xx_syscfg.o
 .text.SYSCFG_DeInit
                0x00000000       0x1c ..\obj\stm32f4xx_syscfg.o
 .text.SYSCFG_MemoryRemapConfig
                0x00000000       0x20 ..\obj\stm32f4xx_syscfg.o
 .text.SYSCFG_ETH_MediaInterfaceConfig
                0x00000000       0x1c ..\obj\stm32f4xx_syscfg.o
 .text.SYSCFG_CompensationCellCmd
                0x00000000       0x20 ..\obj\stm32f4xx_syscfg.o
 .text.SYSCFG_GetCompensationCellStatus
                0x00000000       0x30 ..\obj\stm32f4xx_syscfg.o
 .text          0x00000000        0x0 ..\obj\tm_stm32f4_ds18b20.o
 .data          0x00000000        0x0 ..\obj\tm_stm32f4_ds18b20.o
 .bss           0x00000000        0x0 ..\obj\tm_stm32f4_ds18b20.o
 .text.TM_DS18B20_Start
                0x00000000       0x3c ..\obj\tm_stm32f4_ds18b20.o
 .text.TM_DS18B20_GetResolution
                0x00000000       0x6c ..\obj\tm_stm32f4_ds18b20.o
 .text.TM_DS18B20_SetAlarmLowTemperature
                0x00000000       0xd0 ..\obj\tm_stm32f4_ds18b20.o
 .text.TM_DS18B20_SetAlarmHighTemperature
                0x00000000       0xd0 ..\obj\tm_stm32f4_ds18b20.o
 .text.TM_DS18B20_DisableAlarmTemperature
                0x00000000       0xb8 ..\obj\tm_stm32f4_ds18b20.o
 .text.TM_DS18B20_AlarmSearch
                0x00000000       0x1c ..\obj\tm_stm32f4_ds18b20.o
 .text          0x00000000        0x0 ..\obj\startup_stm32f4xx.o
 .data          0x00000000        0x0 ..\obj\startup_stm32f4xx.o
 .bss           0x00000000        0x0 ..\obj\startup_stm32f4xx.o
 .text          0x00000000        0x0 ..\obj\main.o
 .bss           0x00000000        0x0 ..\obj\main.o
 .text          0x00000000        0x0 ..\obj\stm32f4xx_rcc.o
 .bss           0x00000000        0x0 ..\obj\stm32f4xx_rcc.o
 .text.RCC_DeInit
                0x00000000       0x50 ..\obj\stm32f4xx_rcc.o
 .text.RCC_HSEConfig
                0x00000000       0x24 ..\obj\stm32f4xx_rcc.o
 .text.RCC_WaitForHSEStartUp
                0x00000000       0x50 ..\obj\stm32f4xx_rcc.o
 .text.RCC_AdjustHSICalibrationValue
                0x00000000       0x3c ..\obj\stm32f4xx_rcc.o
 .text.RCC_HSICmd
                0x00000000       0x20 ..\obj\stm32f4xx_rcc.o
 .text.RCC_LSEConfig
                0x00000000       0x40 ..\obj\stm32f4xx_rcc.o
 .text.RCC_LSICmd
                0x00000000       0x20 ..\obj\stm32f4xx_rcc.o
 .text.RCC_PLLConfig
                0x00000000       0x3c ..\obj\stm32f4xx_rcc.o
 .text.RCC_PLLCmd
                0x00000000       0x20 ..\obj\stm32f4xx_rcc.o
 .text.RCC_PLLI2SConfig
                0x00000000       0x28 ..\obj\stm32f4xx_rcc.o
 .text.RCC_PLLI2SCmd
                0x00000000       0x20 ..\obj\stm32f4xx_rcc.o
 .text.RCC_ClockSecuritySystemCmd
                0x00000000       0x20 ..\obj\stm32f4xx_rcc.o
 .text.RCC_MCO1Config
                0x00000000       0x3c ..\obj\stm32f4xx_rcc.o
 .text.RCC_MCO2Config
                0x00000000       0x3c ..\obj\stm32f4xx_rcc.o
 .text.RCC_SYSCLKConfig
                0x00000000       0x38 ..\obj\stm32f4xx_rcc.o
 .text.RCC_GetSYSCLKSource
                0x00000000       0x1c ..\obj\stm32f4xx_rcc.o
 .text.RCC_HCLKConfig
                0x00000000       0x38 ..\obj\stm32f4xx_rcc.o
 .text.RCC_PCLK1Config
                0x00000000       0x38 ..\obj\stm32f4xx_rcc.o
 .text.RCC_PCLK2Config
                0x00000000       0x38 ..\obj\stm32f4xx_rcc.o
 .text.RCC_RTCCLKConfig
                0x00000000       0x5c ..\obj\stm32f4xx_rcc.o
 .text.RCC_RTCCLKCmd
                0x00000000       0x20 ..\obj\stm32f4xx_rcc.o
 .text.RCC_BackupResetCmd
                0x00000000       0x20 ..\obj\stm32f4xx_rcc.o
 .text.RCC_I2SCLKConfig
                0x00000000       0x1c ..\obj\stm32f4xx_rcc.o
 .text.RCC_AHB2PeriphClockCmd
                0x00000000       0x3c ..\obj\stm32f4xx_rcc.o
 .text.RCC_AHB3PeriphClockCmd
                0x00000000       0x3c ..\obj\stm32f4xx_rcc.o
 .text.RCC_AHB1PeriphResetCmd
                0x00000000       0x3c ..\obj\stm32f4xx_rcc.o
 .text.RCC_AHB2PeriphResetCmd
                0x00000000       0x3c ..\obj\stm32f4xx_rcc.o
 .text.RCC_AHB3PeriphResetCmd
                0x00000000       0x3c ..\obj\stm32f4xx_rcc.o
 .text.RCC_APB1PeriphResetCmd
                0x00000000       0x3c ..\obj\stm32f4xx_rcc.o
 .text.RCC_APB2PeriphResetCmd
                0x00000000       0x3c ..\obj\stm32f4xx_rcc.o
 .text.RCC_AHB1PeriphClockLPModeCmd
                0x00000000       0x3c ..\obj\stm32f4xx_rcc.o
 .text.RCC_AHB2PeriphClockLPModeCmd
                0x00000000       0x3c ..\obj\stm32f4xx_rcc.o
 .text.RCC_AHB3PeriphClockLPModeCmd
                0x00000000       0x3c ..\obj\stm32f4xx_rcc.o
 .text.RCC_APB1PeriphClockLPModeCmd
                0x00000000       0x3c ..\obj\stm32f4xx_rcc.o
 .text.RCC_APB2PeriphClockLPModeCmd
                0x00000000       0x3c ..\obj\stm32f4xx_rcc.o
 .text.RCC_ITConfig
                0x00000000       0x4c ..\obj\stm32f4xx_rcc.o
 .text.RCC_GetFlagStatus
                0x00000000       0x74 ..\obj\stm32f4xx_rcc.o
 .text.RCC_ClearFlag
                0x00000000       0x1c ..\obj\stm32f4xx_rcc.o
 .text.RCC_GetITStatus
                0x00000000       0x34 ..\obj\stm32f4xx_rcc.o
 .text.RCC_ClearITPendingBit
                0x00000000       0x20 ..\obj\stm32f4xx_rcc.o
 .text          0x00000000        0x0 ..\obj\tm_stm32f4_delay.o
 .data          0x00000000        0x0 ..\obj\tm_stm32f4_delay.o
 .text.TM_DELAY_EnableDelayTimer
                0x00000000       0x2c ..\obj\tm_stm32f4_delay.o
 .text.TM_DELAY_DisableDelayTimer
                0x00000000       0x1c ..\obj\tm_stm32f4_delay.o
 .text.TM_DELAY_TimerCreate
                0x00000000       0x7c ..\obj\tm_stm32f4_delay.o
 .text.TM_DELAY_TimerDelete
                0x00000000       0xa8 ..\obj\tm_stm32f4_delay.o
 .text.TM_DELAY_TimerStop
                0x00000000       0x1c ..\obj\tm_stm32f4_delay.o
 .text.TM_DELAY_TimerStart
                0x00000000       0x1c ..\obj\tm_stm32f4_delay.o
 .text.TM_DELAY_TimerReset
                0x00000000       0x1c ..\obj\tm_stm32f4_delay.o
 .text.TM_DELAY_TimerAutoReload
                0x00000000       0x20 ..\obj\tm_stm32f4_delay.o
 .text.TM_DELAY_TimerAutoReloadValue
                0x00000000       0x1c ..\obj\tm_stm32f4_delay.o
 .text          0x00000000        0x0 ..\obj\hd44780.o
 .text.LCD_BacklightOn
                0x00000000       0x28 ..\obj\hd44780.o
 .text.LCD_BacklightOff
                0x00000000       0x28 ..\obj\hd44780.o
 .text          0x00000000        0x0 ..\obj\tm_stm32f4_onewire.o
 .data          0x00000000        0x0 ..\obj\tm_stm32f4_onewire.o
 .bss           0x00000000        0x0 ..\obj\tm_stm32f4_onewire.o
 .text.TM_OneWire_Verify
                0x00000000       0xe0 ..\obj\tm_stm32f4_onewire.o
 .text.TM_OneWire_TargetSetup
                0x00000000       0x4c ..\obj\tm_stm32f4_onewire.o
 .text.TM_OneWire_FamilySkipSetup
                0x00000000       0x30 ..\obj\tm_stm32f4_onewire.o
 .text.TM_OneWire_GetROM
                0x00000000       0x20 ..\obj\tm_stm32f4_onewire.o
 .text.TM_OneWire_Select
                0x00000000       0x3c ..\obj\tm_stm32f4_onewire.o
 .text          0x00000000        0x0 ..\obj\stm32f4xx_gpio.o
 .data          0x00000000        0x0 ..\obj\stm32f4xx_gpio.o
 .bss           0x00000000        0x0 ..\obj\stm32f4xx_gpio.o
 .text.GPIO_DeInit
                0x00000000      0x120 ..\obj\stm32f4xx_gpio.o
 .text.GPIO_StructInit
                0x00000000       0x34 ..\obj\stm32f4xx_gpio.o
 .text.GPIO_PinLockConfig
                0x00000000       0x44 ..\obj\stm32f4xx_gpio.o
 .text.GPIO_ReadInputData
                0x00000000       0x18 ..\obj\stm32f4xx_gpio.o
 .text.GPIO_ReadOutputDataBit
                0x00000000       0x34 ..\obj\stm32f4xx_gpio.o
 .text.GPIO_ReadOutputData
                0x00000000       0x18 ..\obj\stm32f4xx_gpio.o
 .text.GPIO_WriteBit
                0x00000000       0x30 ..\obj\stm32f4xx_gpio.o
 .text.GPIO_Write
                0x00000000       0x1c ..\obj\stm32f4xx_gpio.o
 .text.GPIO_ToggleBits
                0x00000000       0x24 ..\obj\stm32f4xx_gpio.o
 .text          0x00000000        0x0 ..\obj\system_stm32f4xx.o
 .bss           0x00000000        0x0 ..\obj\system_stm32f4xx.o
 .text.SystemCoreClockUpdate
                0x00000000       0xf8 ..\obj\system_stm32f4xx.o
 .text          0x00000000        0x0 ..\obj\syscalls.o
 .data          0x00000000        0x0 ..\obj\syscalls.o
 .text.link     0x00000000       0x18 ..\obj\syscalls.o
 .text._close   0x00000000       0x18 ..\obj\syscalls.o
 .text._fstat   0x00000000       0x20 ..\obj\syscalls.o
 .text._isatty  0x00000000       0x14 ..\obj\syscalls.o
 .text._lseek   0x00000000       0x18 ..\obj\syscalls.o
 .text._read    0x00000000       0x18 ..\obj\syscalls.o
 .text._write   0x00000000       0x18 ..\obj\syscalls.o
 .text.abort    0x00000000        0x8 ..\obj\syscalls.o
 .text          0x00000000        0x0 ..\obj\stm32f4xx_i2c.o
 .data          0x00000000        0x0 ..\obj\stm32f4xx_i2c.o
 .bss           0x00000000        0x0 ..\obj\stm32f4xx_i2c.o
 .text.I2C_DeInit
                0x00000000       0x74 ..\obj\stm32f4xx_i2c.o
 .text.I2C_StructInit
                0x00000000       0x3c ..\obj\stm32f4xx_i2c.o
 .text.I2C_AcknowledgeConfig
                0x00000000       0x40 ..\obj\stm32f4xx_i2c.o
 .text.I2C_OwnAddress2Config
                0x00000000       0x44 ..\obj\stm32f4xx_i2c.o
 .text.I2C_DualAddressCmd
                0x00000000       0x40 ..\obj\stm32f4xx_i2c.o
 .text.I2C_GeneralCallCmd
                0x00000000       0x40 ..\obj\stm32f4xx_i2c.o
 .text.I2C_SoftwareResetCmd
                0x00000000       0x44 ..\obj\stm32f4xx_i2c.o
 .text.I2C_StretchClockCmd
                0x00000000       0x40 ..\obj\stm32f4xx_i2c.o
 .text.I2C_FastModeDutyCycleConfig
                0x00000000       0x40 ..\obj\stm32f4xx_i2c.o
 .text.I2C_NACKPositionConfig
                0x00000000       0x40 ..\obj\stm32f4xx_i2c.o
 .text.I2C_SMBusAlertConfig
                0x00000000       0x40 ..\obj\stm32f4xx_i2c.o
 .text.I2C_ARPCmd
                0x00000000       0x40 ..\obj\stm32f4xx_i2c.o
 .text.I2C_ReceiveData
                0x00000000       0x1c ..\obj\stm32f4xx_i2c.o
 .text.I2C_TransmitPEC
                0x00000000       0x40 ..\obj\stm32f4xx_i2c.o
 .text.I2C_PECPositionConfig
                0x00000000       0x40 ..\obj\stm32f4xx_i2c.o
 .text.I2C_CalculatePEC
                0x00000000       0x40 ..\obj\stm32f4xx_i2c.o
 .text.I2C_GetPEC
                0x00000000       0x20 ..\obj\stm32f4xx_i2c.o
 .text.I2C_DMACmd
                0x00000000       0x40 ..\obj\stm32f4xx_i2c.o
 .text.I2C_DMALastTransferCmd
                0x00000000       0x40 ..\obj\stm32f4xx_i2c.o
 .text.I2C_ReadRegister
                0x00000000       0x2c ..\obj\stm32f4xx_i2c.o
 .text.I2C_ITConfig
                0x00000000       0x48 ..\obj\stm32f4xx_i2c.o
 .text.I2C_GetLastEvent
                0x00000000       0x44 ..\obj\stm32f4xx_i2c.o
 .text.I2C_ClearFlag
                0x00000000       0x2c ..\obj\stm32f4xx_i2c.o
 .text.I2C_GetITStatus
                0x00000000       0x58 ..\obj\stm32f4xx_i2c.o
 .text.I2C_ClearITPendingBit
                0x00000000       0x2c ..\obj\stm32f4xx_i2c.o
 .text          0x00000000        0x0 ..\obj\stm32f4xx_exti.o
 .data          0x00000000        0x0 ..\obj\stm32f4xx_exti.o
 .bss           0x00000000        0x0 ..\obj\stm32f4xx_exti.o
 .text.EXTI_DeInit
                0x00000000       0x34 ..\obj\stm32f4xx_exti.o
 .text.EXTI_StructInit
                0x00000000       0x2c ..\obj\stm32f4xx_exti.o
 .text.EXTI_GenerateSWInterrupt
                0x00000000       0x24 ..\obj\stm32f4xx_exti.o
 .text.EXTI_GetFlagStatus
                0x00000000       0x34 ..\obj\stm32f4xx_exti.o
 .text.EXTI_ClearFlag
                0x00000000       0x1c ..\obj\stm32f4xx_exti.o
 .text          0x00000000        0x0 ..\obj\misc.o
 .data          0x00000000        0x0 ..\obj\misc.o
 .bss           0x00000000        0x0 ..\obj\misc.o
 .text.NVIC_PriorityGroupConfig
                0x00000000       0x24 ..\obj\misc.o
 .text.NVIC_SetVectorTable
                0x00000000       0x2c ..\obj\misc.o
 .text.NVIC_SystemLPConfig
                0x00000000       0x40 ..\obj\misc.o
 .text.SysTick_CLKSourceConfig
                0x00000000       0x38 ..\obj\misc.o
 .text          0x00000000        0x0 ..\obj\tm_stm32f4_gpio.o
 .data          0x00000000        0x0 ..\obj\tm_stm32f4_gpio.o
 .text.TM_GPIO_InitAlternate
                0x00000000       0xa8 ..\obj\tm_stm32f4_gpio.o
 .text.TM_GPIO_DeInit
                0x00000000       0x80 ..\obj\tm_stm32f4_gpio.o
 .text.TM_GPIO_SetPinAsAnalog
                0x00000000       0x4c ..\obj\tm_stm32f4_gpio.o
 .text.TM_GPIO_SetPinAsAlternate
                0x00000000       0x60 ..\obj\tm_stm32f4_gpio.o
 .text.TM_GPIO_SetPullResistor
                0x00000000       0x64 ..\obj\tm_stm32f4_gpio.o
 .text.TM_GPIO_Lock
                0x00000000       0x38 ..\obj\tm_stm32f4_gpio.o
 .text.TM_GPIO_GetPinSource
                0x00000000       0x30 ..\obj\tm_stm32f4_gpio.o
 .text.TM_GPIO_INT_DisableClock
                0x00000000       0x30 ..\obj\tm_stm32f4_gpio.o
 .text.TM_GPIO_GetUsedPins
                0x00000000       0x24 ..\obj\tm_stm32f4_gpio.o
 .text.TM_GPIO_GetFreePins
                0x00000000       0x28 ..\obj\tm_stm32f4_gpio.o
 .data          0x00000000        0x0 c:/gnutoolchain/5.4_2016q2/bin/../lib/gcc/arm-none-eabi/5.4.1/armv7e-m\libgcc.a(_arm_addsubdf3.o)
 .bss           0x00000000        0x0 c:/gnutoolchain/5.4_2016q2/bin/../lib/gcc/arm-none-eabi/5.4.1/armv7e-m\libgcc.a(_arm_addsubdf3.o)
 .data          0x00000000        0x0 c:/gnutoolchain/5.4_2016q2/bin/../lib/gcc/arm-none-eabi/5.4.1/armv7e-m\libgcc.a(_arm_cmpdf2.o)
 .bss           0x00000000        0x0 c:/gnutoolchain/5.4_2016q2/bin/../lib/gcc/arm-none-eabi/5.4.1/armv7e-m\libgcc.a(_arm_cmpdf2.o)
 .data          0x00000000        0x0 c:/gnutoolchain/5.4_2016q2/bin/../lib/gcc/arm-none-eabi/5.4.1/armv7e-m\libgcc.a(_arm_addsubsf3.o)
 .bss           0x00000000        0x0 c:/gnutoolchain/5.4_2016q2/bin/../lib/gcc/arm-none-eabi/5.4.1/armv7e-m\libgcc.a(_arm_addsubsf3.o)
 .data          0x00000000        0x0 c:/gnutoolchain/5.4_2016q2/bin/../lib/gcc/arm-none-eabi/5.4.1/armv7e-m\libgcc.a(_arm_muldivsf3.o)
 .bss           0x00000000        0x0 c:/gnutoolchain/5.4_2016q2/bin/../lib/gcc/arm-none-eabi/5.4.1/armv7e-m\libgcc.a(_arm_muldivsf3.o)
 .data          0x00000000        0x0 c:/gnutoolchain/5.4_2016q2/bin/../lib/gcc/arm-none-eabi/5.4.1/armv7e-m\libgcc.a(_arm_cmpsf2.o)
 .bss           0x00000000        0x0 c:/gnutoolchain/5.4_2016q2/bin/../lib/gcc/arm-none-eabi/5.4.1/armv7e-m\libgcc.a(_arm_cmpsf2.o)
 .text          0x00000000        0x0 c:/gnutoolchain/5.4_2016q2/bin/../lib/gcc/arm-none-eabi/5.4.1/../../../../arm-none-eabi/lib/armv7e-m\libg.a(lib_a-malloc.o)
 .data          0x00000000        0x0 c:/gnutoolchain/5.4_2016q2/bin/../lib/gcc/arm-none-eabi/5.4.1/../../../../arm-none-eabi/lib/armv7e-m\libg.a(lib_a-malloc.o)
 .bss           0x00000000        0x0 c:/gnutoolchain/5.4_2016q2/bin/../lib/gcc/arm-none-eabi/5.4.1/../../../../arm-none-eabi/lib/armv7e-m\libg.a(lib_a-malloc.o)
 .text.malloc   0x00000000       0x10 c:/gnutoolchain/5.4_2016q2/bin/../lib/gcc/arm-none-eabi/5.4.1/../../../../arm-none-eabi/lib/armv7e-m\libg.a(lib_a-malloc.o)
 .text.free     0x00000000       0x10 c:/gnutoolchain/5.4_2016q2/bin/../lib/gcc/arm-none-eabi/5.4.1/../../../../arm-none-eabi/lib/armv7e-m\libg.a(lib_a-malloc.o)
 .debug_frame   0x00000000       0x30 c:/gnutoolchain/5.4_2016q2/bin/../lib/gcc/arm-none-eabi/5.4.1/../../../../arm-none-eabi/lib/armv7e-m\libg.a(lib_a-malloc.o)
 .ARM.attributes
                0x00000000       0x2e c:/gnutoolchain/5.4_2016q2/bin/../lib/gcc/arm-none-eabi/5.4.1/../../../../arm-none-eabi/lib/armv7e-m\libg.a(lib_a-malloc.o)
 .text          0x00000000        0x0 c:/gnutoolchain/5.4_2016q2/bin/../lib/gcc/arm-none-eabi/5.4.1/../../../../arm-none-eabi/lib/armv7e-m\libg.a(lib_a-mallocr.o)
 .data          0x00000000        0x0 c:/gnutoolchain/5.4_2016q2/bin/../lib/gcc/arm-none-eabi/5.4.1/../../../../arm-none-eabi/lib/armv7e-m\libg.a(lib_a-mallocr.o)
 .bss           0x00000000        0x0 c:/gnutoolchain/5.4_2016q2/bin/../lib/gcc/arm-none-eabi/5.4.1/../../../../arm-none-eabi/lib/armv7e-m\libg.a(lib_a-mallocr.o)
 .text          0x00000000        0x0 c:/gnutoolchain/5.4_2016q2/bin/../lib/gcc/arm-none-eabi/5.4.1/../../../../arm-none-eabi/lib/armv7e-m\libg.a(lib_a-mlock.o)
 .data          0x00000000        0x0 c:/gnutoolchain/5.4_2016q2/bin/../lib/gcc/arm-none-eabi/5.4.1/../../../../arm-none-eabi/lib/armv7e-m\libg.a(lib_a-mlock.o)
 .bss           0x00000000        0x0 c:/gnutoolchain/5.4_2016q2/bin/../lib/gcc/arm-none-eabi/5.4.1/../../../../arm-none-eabi/lib/armv7e-m\libg.a(lib_a-mlock.o)
 .text          0x00000000        0x0 c:/gnutoolchain/5.4_2016q2/bin/../lib/gcc/arm-none-eabi/5.4.1/../../../../arm-none-eabi/lib/armv7e-m\libg.a(lib_a-sbrkr.o)
 .data          0x00000000        0x0 c:/gnutoolchain/5.4_2016q2/bin/../lib/gcc/arm-none-eabi/5.4.1/../../../../arm-none-eabi/lib/armv7e-m\libg.a(lib_a-sbrkr.o)
 .bss           0x00000000        0x0 c:/gnutoolchain/5.4_2016q2/bin/../lib/gcc/arm-none-eabi/5.4.1/../../../../arm-none-eabi/lib/armv7e-m\libg.a(lib_a-sbrkr.o)
 .text          0x00000000        0x0 c:/gnutoolchain/5.4_2016q2/bin/../lib/gcc/arm-none-eabi/5.4.1/../../../../arm-none-eabi/lib/armv7e-m\libg.a(lib_a-sprintf.o)
 .data          0x00000000        0x0 c:/gnutoolchain/5.4_2016q2/bin/../lib/gcc/arm-none-eabi/5.4.1/../../../../arm-none-eabi/lib/armv7e-m\libg.a(lib_a-sprintf.o)
 .bss           0x00000000        0x0 c:/gnutoolchain/5.4_2016q2/bin/../lib/gcc/arm-none-eabi/5.4.1/../../../../arm-none-eabi/lib/armv7e-m\libg.a(lib_a-sprintf.o)
 .text._sprintf_r
                0x00000000       0x44 c:/gnutoolchain/5.4_2016q2/bin/../lib/gcc/arm-none-eabi/5.4.1/../../../../arm-none-eabi/lib/armv7e-m\libg.a(lib_a-sprintf.o)
 .text          0x00000000        0x0 c:/gnutoolchain/5.4_2016q2/bin/../lib/gcc/arm-none-eabi/5.4.1/../../../../arm-none-eabi/lib/armv7e-m\libg.a(lib_a-svfprintf.o)
 .data          0x00000000        0x0 c:/gnutoolchain/5.4_2016q2/bin/../lib/gcc/arm-none-eabi/5.4.1/../../../../arm-none-eabi/lib/armv7e-m\libg.a(lib_a-svfprintf.o)
 .bss           0x00000000        0x0 c:/gnutoolchain/5.4_2016q2/bin/../lib/gcc/arm-none-eabi/5.4.1/../../../../arm-none-eabi/lib/armv7e-m\libg.a(lib_a-svfprintf.o)
 .text          0x00000000        0x0 c:/gnutoolchain/5.4_2016q2/bin/../lib/gcc/arm-none-eabi/5.4.1/../../../../arm-none-eabi/lib/armv7e-m\libg.a(lib_a-dtoa.o)
 .data          0x00000000        0x0 c:/gnutoolchain/5.4_2016q2/bin/../lib/gcc/arm-none-eabi/5.4.1/../../../../arm-none-eabi/lib/armv7e-m\libg.a(lib_a-dtoa.o)
 .bss           0x00000000        0x0 c:/gnutoolchain/5.4_2016q2/bin/../lib/gcc/arm-none-eabi/5.4.1/../../../../arm-none-eabi/lib/armv7e-m\libg.a(lib_a-dtoa.o)
 .text          0x00000000        0x0 c:/gnutoolchain/5.4_2016q2/bin/../lib/gcc/arm-none-eabi/5.4.1/../../../../arm-none-eabi/lib/armv7e-m\libg.a(lib_a-freer.o)
 .data          0x00000000        0x0 c:/gnutoolchain/5.4_2016q2/bin/../lib/gcc/arm-none-eabi/5.4.1/../../../../arm-none-eabi/lib/armv7e-m\libg.a(lib_a-freer.o)
 .bss           0x00000000        0x0 c:/gnutoolchain/5.4_2016q2/bin/../lib/gcc/arm-none-eabi/5.4.1/../../../../arm-none-eabi/lib/armv7e-m\libg.a(lib_a-freer.o)
 .text          0x00000000        0x0 c:/gnutoolchain/5.4_2016q2/bin/../lib/gcc/arm-none-eabi/5.4.1/../../../../arm-none-eabi/lib/armv7e-m\libg.a(lib_a-impure.o)
 .data          0x00000000        0x0 c:/gnutoolchain/5.4_2016q2/bin/../lib/gcc/arm-none-eabi/5.4.1/../../../../arm-none-eabi/lib/armv7e-m\libg.a(lib_a-impure.o)
 .bss           0x00000000        0x0 c:/gnutoolchain/5.4_2016q2/bin/../lib/gcc/arm-none-eabi/5.4.1/../../../../arm-none-eabi/lib/armv7e-m\libg.a(lib_a-impure.o)
 .rodata._global_impure_ptr
                0x00000000        0x4 c:/gnutoolchain/5.4_2016q2/bin/../lib/gcc/arm-none-eabi/5.4.1/../../../../arm-none-eabi/lib/armv7e-m\libg.a(lib_a-impure.o)
 .text          0x00000000        0x0 c:/gnutoolchain/5.4_2016q2/bin/../lib/gcc/arm-none-eabi/5.4.1/../../../../arm-none-eabi/lib/armv7e-m\libg.a(lib_a-locale.o)
 .data          0x00000000        0x0 c:/gnutoolchain/5.4_2016q2/bin/../lib/gcc/arm-none-eabi/5.4.1/../../../../arm-none-eabi/lib/armv7e-m\libg.a(lib_a-locale.o)
 .bss           0x00000000        0x0 c:/gnutoolchain/5.4_2016q2/bin/../lib/gcc/arm-none-eabi/5.4.1/../../../../arm-none-eabi/lib/armv7e-m\libg.a(lib_a-locale.o)
 .text._setlocale_r
                0x00000000       0x40 c:/gnutoolchain/5.4_2016q2/bin/../lib/gcc/arm-none-eabi/5.4.1/../../../../arm-none-eabi/lib/armv7e-m\libg.a(lib_a-locale.o)
 .text.__locale_charset
                0x00000000        0x8 c:/gnutoolchain/5.4_2016q2/bin/../lib/gcc/arm-none-eabi/5.4.1/../../../../arm-none-eabi/lib/armv7e-m\libg.a(lib_a-locale.o)
 .text.__locale_mb_cur_max
                0x00000000        0xc c:/gnutoolchain/5.4_2016q2/bin/../lib/gcc/arm-none-eabi/5.4.1/../../../../arm-none-eabi/lib/armv7e-m\libg.a(lib_a-locale.o)
 .text.__locale_msgcharset
                0x00000000        0x8 c:/gnutoolchain/5.4_2016q2/bin/../lib/gcc/arm-none-eabi/5.4.1/../../../../arm-none-eabi/lib/armv7e-m\libg.a(lib_a-locale.o)
 .text.__locale_cjk_lang
                0x00000000        0x4 c:/gnutoolchain/5.4_2016q2/bin/../lib/gcc/arm-none-eabi/5.4.1/../../../../arm-none-eabi/lib/armv7e-m\libg.a(lib_a-locale.o)
 .text.setlocale
                0x00000000       0x10 c:/gnutoolchain/5.4_2016q2/bin/../lib/gcc/arm-none-eabi/5.4.1/../../../../arm-none-eabi/lib/armv7e-m\libg.a(lib_a-locale.o)
 .text.localeconv
                0x00000000        0x8 c:/gnutoolchain/5.4_2016q2/bin/../lib/gcc/arm-none-eabi/5.4.1/../../../../arm-none-eabi/lib/armv7e-m\libg.a(lib_a-locale.o)
 .data.lc_message_charset
                0x00000000       0x20 c:/gnutoolchain/5.4_2016q2/bin/../lib/gcc/arm-none-eabi/5.4.1/../../../../arm-none-eabi/lib/armv7e-m\libg.a(lib_a-locale.o)
 .bss._PathLocale
                0x00000000        0x4 c:/gnutoolchain/5.4_2016q2/bin/../lib/gcc/arm-none-eabi/5.4.1/../../../../arm-none-eabi/lib/armv7e-m\libg.a(lib_a-locale.o)
 .bss.__nlocale_changed
                0x00000000        0x4 c:/gnutoolchain/5.4_2016q2/bin/../lib/gcc/arm-none-eabi/5.4.1/../../../../arm-none-eabi/lib/armv7e-m\libg.a(lib_a-locale.o)
 .bss.__mlocale_changed
                0x00000000        0x4 c:/gnutoolchain/5.4_2016q2/bin/../lib/gcc/arm-none-eabi/5.4.1/../../../../arm-none-eabi/lib/armv7e-m\libg.a(lib_a-locale.o)
 .data.lc_ctype_charset
                0x00000000       0x20 c:/gnutoolchain/5.4_2016q2/bin/../lib/gcc/arm-none-eabi/5.4.1/../../../../arm-none-eabi/lib/armv7e-m\libg.a(lib_a-locale.o)
 .data.__mb_cur_max
                0x00000000        0x4 c:/gnutoolchain/5.4_2016q2/bin/../lib/gcc/arm-none-eabi/5.4.1/../../../../arm-none-eabi/lib/armv7e-m\libg.a(lib_a-locale.o)
 .data          0x00000000        0x0 c:/gnutoolchain/5.4_2016q2/bin/../lib/gcc/arm-none-eabi/5.4.1/../../../../arm-none-eabi/lib/armv7e-m\libg.a(lib_a-memchr.o)
 .bss           0x00000000        0x0 c:/gnutoolchain/5.4_2016q2/bin/../lib/gcc/arm-none-eabi/5.4.1/../../../../arm-none-eabi/lib/armv7e-m\libg.a(lib_a-memchr.o)
 .data          0x00000000        0x0 c:/gnutoolchain/5.4_2016q2/bin/../lib/gcc/arm-none-eabi/5.4.1/../../../../arm-none-eabi/lib/armv7e-m\libg.a(lib_a-memcpy.o)
 .bss           0x00000000        0x0 c:/gnutoolchain/5.4_2016q2/bin/../lib/gcc/arm-none-eabi/5.4.1/../../../../arm-none-eabi/lib/armv7e-m\libg.a(lib_a-memcpy.o)
 .text          0x00000000        0x0 c:/gnutoolchain/5.4_2016q2/bin/../lib/gcc/arm-none-eabi/5.4.1/../../../../arm-none-eabi/lib/armv7e-m\libg.a(lib_a-mprec.o)
 .data          0x00000000        0x0 c:/gnutoolchain/5.4_2016q2/bin/../lib/gcc/arm-none-eabi/5.4.1/../../../../arm-none-eabi/lib/armv7e-m\libg.a(lib_a-mprec.o)
 .bss           0x00000000        0x0 c:/gnutoolchain/5.4_2016q2/bin/../lib/gcc/arm-none-eabi/5.4.1/../../../../arm-none-eabi/lib/armv7e-m\libg.a(lib_a-mprec.o)
 .text.__s2b    0x00000000       0x98 c:/gnutoolchain/5.4_2016q2/bin/../lib/gcc/arm-none-eabi/5.4.1/../../../../arm-none-eabi/lib/armv7e-m\libg.a(lib_a-mprec.o)
 .text.__ulp    0x00000000       0x44 c:/gnutoolchain/5.4_2016q2/bin/../lib/gcc/arm-none-eabi/5.4.1/../../../../arm-none-eabi/lib/armv7e-m\libg.a(lib_a-mprec.o)
 .text.__b2d    0x00000000       0xd4 c:/gnutoolchain/5.4_2016q2/bin/../lib/gcc/arm-none-eabi/5.4.1/../../../../arm-none-eabi/lib/armv7e-m\libg.a(lib_a-mprec.o)
 .text.__ratio  0x00000000       0x54 c:/gnutoolchain/5.4_2016q2/bin/../lib/gcc/arm-none-eabi/5.4.1/../../../../arm-none-eabi/lib/armv7e-m\libg.a(lib_a-mprec.o)
 .text._mprec_log10
                0x00000000       0x34 c:/gnutoolchain/5.4_2016q2/bin/../lib/gcc/arm-none-eabi/5.4.1/../../../../arm-none-eabi/lib/armv7e-m\libg.a(lib_a-mprec.o)
 .text.__copybits
                0x00000000       0x48 c:/gnutoolchain/5.4_2016q2/bin/../lib/gcc/arm-none-eabi/5.4.1/../../../../arm-none-eabi/lib/armv7e-m\libg.a(lib_a-mprec.o)
 .text.__any_on
                0x00000000       0x5c c:/gnutoolchain/5.4_2016q2/bin/../lib/gcc/arm-none-eabi/5.4.1/../../../../arm-none-eabi/lib/armv7e-m\libg.a(lib_a-mprec.o)
 .rodata.__mprec_tinytens
                0x00000000       0x28 c:/gnutoolchain/5.4_2016q2/bin/../lib/gcc/arm-none-eabi/5.4.1/../../../../arm-none-eabi/lib/armv7e-m\libg.a(lib_a-mprec.o)
 .text          0x00000000        0x0 c:/gnutoolchain/5.4_2016q2/bin/../lib/gcc/arm-none-eabi/5.4.1/../../../../arm-none-eabi/lib/armv7e-m\libg.a(lib_a-reent.o)
 .data          0x00000000        0x0 c:/gnutoolchain/5.4_2016q2/bin/../lib/gcc/arm-none-eabi/5.4.1/../../../../arm-none-eabi/lib/armv7e-m\libg.a(lib_a-reent.o)
 .bss           0x00000000        0x0 c:/gnutoolchain/5.4_2016q2/bin/../lib/gcc/arm-none-eabi/5.4.1/../../../../arm-none-eabi/lib/armv7e-m\libg.a(lib_a-reent.o)
 .text.cleanup_glue
                0x00000000       0x1c c:/gnutoolchain/5.4_2016q2/bin/../lib/gcc/arm-none-eabi/5.4.1/../../../../arm-none-eabi/lib/armv7e-m\libg.a(lib_a-reent.o)
 .text._reclaim_reent
                0x00000000       0x88 c:/gnutoolchain/5.4_2016q2/bin/../lib/gcc/arm-none-eabi/5.4.1/../../../../arm-none-eabi/lib/armv7e-m\libg.a(lib_a-reent.o)
 .text          0x00000000      0x2dc c:/gnutoolchain/5.4_2016q2/bin/../lib/gcc/arm-none-eabi/5.4.1/../../../../arm-none-eabi/lib/armv7e-m\libg.a(lib_a-strcmp.o)
 .data          0x00000000        0x0 c:/gnutoolchain/5.4_2016q2/bin/../lib/gcc/arm-none-eabi/5.4.1/../../../../arm-none-eabi/lib/armv7e-m\libg.a(lib_a-strcmp.o)
 .bss           0x00000000        0x0 c:/gnutoolchain/5.4_2016q2/bin/../lib/gcc/arm-none-eabi/5.4.1/../../../../arm-none-eabi/lib/armv7e-m\libg.a(lib_a-strcmp.o)
 .debug_frame   0x00000000       0x68 c:/gnutoolchain/5.4_2016q2/bin/../lib/gcc/arm-none-eabi/5.4.1/../../../../arm-none-eabi/lib/armv7e-m\libg.a(lib_a-strcmp.o)
 .ARM.attributes
                0x00000000       0x1c c:/gnutoolchain/5.4_2016q2/bin/../lib/gcc/arm-none-eabi/5.4.1/../../../../arm-none-eabi/lib/armv7e-m\libg.a(lib_a-strcmp.o)
 .data          0x00000000        0x0 c:/gnutoolchain/5.4_2016q2/bin/../lib/gcc/arm-none-eabi/5.4.1/../../../../arm-none-eabi/lib/armv7e-m\libg.a(lib_a-strlen.o)
 .bss           0x00000000        0x0 c:/gnutoolchain/5.4_2016q2/bin/../lib/gcc/arm-none-eabi/5.4.1/../../../../arm-none-eabi/lib/armv7e-m\libg.a(lib_a-strlen.o)
 .text          0x00000000        0x0 c:/gnutoolchain/5.4_2016q2/bin/../lib/gcc/arm-none-eabi/5.4.1/../../../../arm-none-eabi/lib/armv7e-m\libg.a(lib_a-svfiprintf.o)
 .data          0x00000000        0x0 c:/gnutoolchain/5.4_2016q2/bin/../lib/gcc/arm-none-eabi/5.4.1/../../../../arm-none-eabi/lib/armv7e-m\libg.a(lib_a-svfiprintf.o)
 .bss           0x00000000        0x0 c:/gnutoolchain/5.4_2016q2/bin/../lib/gcc/arm-none-eabi/5.4.1/../../../../arm-none-eabi/lib/armv7e-m\libg.a(lib_a-svfiprintf.o)
 .text._svfiprintf_r
                0x00000000      0xc5c c:/gnutoolchain/5.4_2016q2/bin/../lib/gcc/arm-none-eabi/5.4.1/../../../../arm-none-eabi/lib/armv7e-m\libg.a(lib_a-svfiprintf.o)
 .rodata.blanks.6999
                0x00000000       0x10 c:/gnutoolchain/5.4_2016q2/bin/../lib/gcc/arm-none-eabi/5.4.1/../../../../arm-none-eabi/lib/armv7e-m\libg.a(lib_a-svfiprintf.o)
 .rodata.str1.4
                0x00000000       0x2f c:/gnutoolchain/5.4_2016q2/bin/../lib/gcc/arm-none-eabi/5.4.1/../../../../arm-none-eabi/lib/armv7e-m\libg.a(lib_a-svfiprintf.o)
 .rodata.zeroes.7000
                0x00000000       0x10 c:/gnutoolchain/5.4_2016q2/bin/../lib/gcc/arm-none-eabi/5.4.1/../../../../arm-none-eabi/lib/armv7e-m\libg.a(lib_a-svfiprintf.o)
 .text          0x00000000        0x0 c:/gnutoolchain/5.4_2016q2/bin/../lib/gcc/arm-none-eabi/5.4.1/../../../../arm-none-eabi/lib/armv7e-m\libg.a(lib_a-callocr.o)
 .data          0x00000000        0x0 c:/gnutoolchain/5.4_2016q2/bin/../lib/gcc/arm-none-eabi/5.4.1/../../../../arm-none-eabi/lib/armv7e-m\libg.a(lib_a-callocr.o)
 .bss           0x00000000        0x0 c:/gnutoolchain/5.4_2016q2/bin/../lib/gcc/arm-none-eabi/5.4.1/../../../../arm-none-eabi/lib/armv7e-m\libg.a(lib_a-callocr.o)
 .text          0x00000000        0x0 c:/gnutoolchain/5.4_2016q2/bin/../lib/gcc/arm-none-eabi/5.4.1/../../../../arm-none-eabi/lib/armv7e-m\libg.a(lib_a-memmove.o)
 .data          0x00000000        0x0 c:/gnutoolchain/5.4_2016q2/bin/../lib/gcc/arm-none-eabi/5.4.1/../../../../arm-none-eabi/lib/armv7e-m\libg.a(lib_a-memmove.o)
 .bss           0x00000000        0x0 c:/gnutoolchain/5.4_2016q2/bin/../lib/gcc/arm-none-eabi/5.4.1/../../../../arm-none-eabi/lib/armv7e-m\libg.a(lib_a-memmove.o)
 .text          0x00000000        0x0 c:/gnutoolchain/5.4_2016q2/bin/../lib/gcc/arm-none-eabi/5.4.1/../../../../arm-none-eabi/lib/armv7e-m\libg.a(lib_a-memset.o)
 .data          0x00000000        0x0 c:/gnutoolchain/5.4_2016q2/bin/../lib/gcc/arm-none-eabi/5.4.1/../../../../arm-none-eabi/lib/armv7e-m\libg.a(lib_a-memset.o)
 .bss           0x00000000        0x0 c:/gnutoolchain/5.4_2016q2/bin/../lib/gcc/arm-none-eabi/5.4.1/../../../../arm-none-eabi/lib/armv7e-m\libg.a(lib_a-memset.o)
 .text          0x00000000        0x0 c:/gnutoolchain/5.4_2016q2/bin/../lib/gcc/arm-none-eabi/5.4.1/../../../../arm-none-eabi/lib/armv7e-m\libg.a(lib_a-reallocr.o)
 .data          0x00000000        0x0 c:/gnutoolchain/5.4_2016q2/bin/../lib/gcc/arm-none-eabi/5.4.1/../../../../arm-none-eabi/lib/armv7e-m\libg.a(lib_a-reallocr.o)
 .bss           0x00000000        0x0 c:/gnutoolchain/5.4_2016q2/bin/../lib/gcc/arm-none-eabi/5.4.1/../../../../arm-none-eabi/lib/armv7e-m\libg.a(lib_a-reallocr.o)
 .data          0x00000000        0x0 c:/gnutoolchain/5.4_2016q2/bin/../lib/gcc/arm-none-eabi/5.4.1/armv7e-m\libgcc.a(_arm_muldivdf3.o)
 .bss           0x00000000        0x0 c:/gnutoolchain/5.4_2016q2/bin/../lib/gcc/arm-none-eabi/5.4.1/armv7e-m\libgcc.a(_arm_muldivdf3.o)
 .data          0x00000000        0x0 c:/gnutoolchain/5.4_2016q2/bin/../lib/gcc/arm-none-eabi/5.4.1/armv7e-m\libgcc.a(_arm_unorddf2.o)
 .bss           0x00000000        0x0 c:/gnutoolchain/5.4_2016q2/bin/../lib/gcc/arm-none-eabi/5.4.1/armv7e-m\libgcc.a(_arm_unorddf2.o)
 .data          0x00000000        0x0 c:/gnutoolchain/5.4_2016q2/bin/../lib/gcc/arm-none-eabi/5.4.1/armv7e-m\libgcc.a(_arm_fixdfsi.o)
 .bss           0x00000000        0x0 c:/gnutoolchain/5.4_2016q2/bin/../lib/gcc/arm-none-eabi/5.4.1/armv7e-m\libgcc.a(_arm_fixdfsi.o)
 .data          0x00000000        0x0 c:/gnutoolchain/5.4_2016q2/bin/../lib/gcc/arm-none-eabi/5.4.1/armv7e-m\libgcc.a(_aeabi_uldivmod.o)
 .bss           0x00000000        0x0 c:/gnutoolchain/5.4_2016q2/bin/../lib/gcc/arm-none-eabi/5.4.1/armv7e-m\libgcc.a(_aeabi_uldivmod.o)
 .data          0x00000000        0x0 c:/gnutoolchain/5.4_2016q2/bin/../lib/gcc/arm-none-eabi/5.4.1/armv7e-m\libgcc.a(_udivmoddi4.o)
 .bss           0x00000000        0x0 c:/gnutoolchain/5.4_2016q2/bin/../lib/gcc/arm-none-eabi/5.4.1/armv7e-m\libgcc.a(_udivmoddi4.o)
 .ARM.extab     0x00000000        0x0 c:/gnutoolchain/5.4_2016q2/bin/../lib/gcc/arm-none-eabi/5.4.1/armv7e-m\libgcc.a(_udivmoddi4.o)
 .data          0x00000000        0x0 c:/gnutoolchain/5.4_2016q2/bin/../lib/gcc/arm-none-eabi/5.4.1/armv7e-m\libgcc.a(_dvmd_tls.o)
 .bss           0x00000000        0x0 c:/gnutoolchain/5.4_2016q2/bin/../lib/gcc/arm-none-eabi/5.4.1/armv7e-m\libgcc.a(_dvmd_tls.o)

Memory Configuration

Name             Origin             Length             Attributes
rom              0x08000000         0x00100000         xr
ram              0x20000000         0x00020000         xrw
ram1             0x10000000         0x00010000         xrw
*default*        0x00000000         0xffffffff

Linker script and memory map

                0x20020000                _eram = 0x20020000

.text           0x08000000     0x7504
 *(.isr_vector)
 .isr_vector    0x08000000      0x188 ..\obj\startup_stm32f4xx.o
                0x08000000                g_pfnVectors
 *(.text*)
 .text.SYSCFG_EXTILineConfig
                0x08000188       0x84 ..\obj\stm32f4xx_syscfg.o
                0x08000188                SYSCFG_EXTILineConfig
 .text.TM_DS18B20_StartAll
                0x0800020c       0x28 ..\obj\tm_stm32f4_ds18b20.o
                0x0800020c                TM_DS18B20_StartAll
 .text.TM_DS18B20_Read
                0x08000234      0x1e4 ..\obj\tm_stm32f4_ds18b20.o
                0x08000234                TM_DS18B20_Read
 .text.TM_DS18B20_SetResolution
                0x08000418      0x110 ..\obj\tm_stm32f4_ds18b20.o
                0x08000418                TM_DS18B20_SetResolution
 .text.TM_DS18B20_Is
                0x08000528       0x20 ..\obj\tm_stm32f4_ds18b20.o
                0x08000528                TM_DS18B20_Is
 .text.TM_DS18B20_AllDone
                0x08000548       0x18 ..\obj\tm_stm32f4_ds18b20.o
                0x08000548                TM_DS18B20_AllDone
 .text.Default_Reset_Handler
                0x08000560       0x5c ..\obj\startup_stm32f4xx.o
                0x08000560                Default_Reset_Handler
                0x08000560                Reset_Handler
 .text.Default_Handler
                0x080005bc        0x8 ..\obj\startup_stm32f4xx.o
                0x080005bc                RTC_Alarm_IRQHandler
                0x080005bc                HASH_RNG_IRQHandler
                0x080005bc                EXTI2_IRQHandler
                0x080005bc                TIM8_CC_IRQHandler
                0x080005bc                DebugMon_Handler
                0x080005bc                TIM1_CC_IRQHandler
                0x080005bc                DMA2_Stream5_IRQHandler
                0x080005bc                HardFault_Handler
                0x080005bc                DMA1_Stream5_IRQHandler
                0x080005bc                PVD_IRQHandler
                0x080005bc                SDIO_IRQHandler
                0x080005bc                TAMP_STAMP_IRQHandler
                0x080005bc                PendSV_Handler
                0x080005bc                NMI_Handler
                0x080005bc                CAN2_RX1_IRQHandler
                0x080005bc                EXTI3_IRQHandler
                0x080005bc                TIM8_TRG_COM_TIM14_IRQHandler
                0x080005bc                TIM1_UP_TIM10_IRQHandler
                0x080005bc                TIM8_UP_TIM13_IRQHandler
                0x080005bc                I2C3_ER_IRQHandler
                0x080005bc                I2C2_EV_IRQHandler
                0x080005bc                DMA1_Stream2_IRQHandler
                0x080005bc                CAN1_RX0_IRQHandler
                0x080005bc                FPU_IRQHandler
                0x080005bc                OTG_HS_WKUP_IRQHandler
                0x080005bc                UsageFault_Handler
                0x080005bc                CAN2_SCE_IRQHandler
                0x080005bc                DMA2_Stream2_IRQHandler
                0x080005bc                SPI1_IRQHandler
                0x080005bc                TIM6_DAC_IRQHandler
                0x080005bc                TIM1_BRK_TIM9_IRQHandler
                0x080005bc                DCMI_IRQHandler
                0x080005bc                CAN2_RX0_IRQHandler
                0x080005bc                DMA2_Stream3_IRQHandler
                0x080005bc                USART6_IRQHandler
                0x080005bc                USART3_IRQHandler
                0x080005bc                CRYP_IRQHandler
                0x080005bc                CAN1_RX1_IRQHandler
                0x080005bc                UART5_IRQHandler
                0x080005bc                DMA2_Stream0_IRQHandler
                0x080005bc                TIM4_IRQHandler
                0x080005bc                I2C1_EV_IRQHandler
                0x080005bc                DMA1_Stream6_IRQHandler
                0x080005bc                DMA1_Stream1_IRQHandler
                0x080005bc                UART4_IRQHandler
                0x080005bc                TIM3_IRQHandler
                0x080005bc                RCC_IRQHandler
                0x080005bc                TIM8_BRK_TIM12_IRQHandler
                0x080005bc                EXTI15_10_IRQHandler
                0x080005bc                ADC_IRQHandler
                0x080005bc                DMA1_Stream7_IRQHandler
                0x080005bc                TIM7_IRQHandler
                0x080005bc                CAN2_TX_IRQHandler
                0x080005bc                TIM5_IRQHandler
                0x080005bc                DMA2_Stream7_IRQHandler
                0x080005bc                I2C3_EV_IRQHandler
                0x080005bc                EXTI9_5_IRQHandler
                0x080005bc                RTC_WKUP_IRQHandler
                0x080005bc                ETH_WKUP_IRQHandler
                0x080005bc                SPI2_IRQHandler
                0x080005bc                OTG_HS_EP1_IN_IRQHandler
                0x080005bc                MemManage_Handler
                0x080005bc                DMA1_Stream0_IRQHandler
                0x080005bc                CAN1_TX_IRQHandler
                0x080005bc                SVC_Handler
                0x080005bc                EXTI4_IRQHandler
                0x080005bc                FSMC_IRQHandler
                0x080005bc                ETH_IRQHandler
                0x080005bc                OTG_HS_EP1_OUT_IRQHandler
                0x080005bc                WWDG_IRQHandler
                0x080005bc                TIM2_IRQHandler
                0x080005bc                OTG_FS_WKUP_IRQHandler
                0x080005bc                TIM1_TRG_COM_TIM11_IRQHandler
                0x080005bc                OTG_HS_IRQHandler
                0x080005bc                EXTI1_IRQHandler
                0x080005bc                USART2_IRQHandler
                0x080005bc                I2C2_ER_IRQHandler
                0x080005bc                DMA2_Stream1_IRQHandler
                0x080005bc                CAN1_SCE_IRQHandler
                0x080005bc                FLASH_IRQHandler
                0x080005bc                DMA2_Stream4_IRQHandler
                0x080005bc                BusFault_Handler
                0x080005bc                USART1_IRQHandler
                0x080005bc                OTG_FS_IRQHandler
                0x080005bc                SPI3_IRQHandler
                0x080005bc                DMA1_Stream4_IRQHandler
                0x080005bc                I2C1_ER_IRQHandler
                0x080005bc                DMA2_Stream6_IRQHandler
                0x080005bc                DMA1_Stream3_IRQHandler
 .text.Delayms  0x080005c4       0x58 ..\obj\main.o
 .text.ButtonInit
                0x0800061c       0x80 ..\obj\main.o
                0x0800061c                ButtonInit
 .text.RelayInit
                0x0800069c       0x40 ..\obj\main.o
                0x0800069c                RelayInit
 .text.EXTI0_IRQHandler
                0x080006dc       0x98 ..\obj\main.o
                0x080006dc                EXTI0_IRQHandler
 .text.main     0x08000774      0x2a8 ..\obj\main.o
                0x08000774                main
 .text.RCC_GetClocksFreq
                0x08000a1c      0x154 ..\obj\stm32f4xx_rcc.o
                0x08000a1c                RCC_GetClocksFreq
 .text.RCC_AHB1PeriphClockCmd
                0x08000b70       0x3c ..\obj\stm32f4xx_rcc.o
                0x08000b70                RCC_AHB1PeriphClockCmd
 .text.RCC_APB1PeriphClockCmd
                0x08000bac       0x3c ..\obj\stm32f4xx_rcc.o
                0x08000bac                RCC_APB1PeriphClockCmd
 .text.RCC_APB2PeriphClockCmd
                0x08000be8       0x3c ..\obj\stm32f4xx_rcc.o
                0x08000be8                RCC_APB2PeriphClockCmd
 .text.NVIC_SetPriority
                0x08000c24       0x54 ..\obj\tm_stm32f4_delay.o
 .text.SysTick_Config
                0x08000c78       0x44 ..\obj\tm_stm32f4_delay.o
 .text.SysTick_Handler
                0x08000cbc       0xf0 ..\obj\tm_stm32f4_delay.o
                0x08000cbc                SysTick_Handler
 .text.TM_DELAY_Init
                0x08000dac       0x50 ..\obj\tm_stm32f4_delay.o
                0x08000dac                TM_DELAY_Init
 .text.Delay    0x08000dfc       0x58 ..\obj\hd44780.o
 .text.Delayms  0x08000e54       0x58 ..\obj\hd44780.o
 .text.LCD_Init
                0x08000eac       0xa0 ..\obj\hd44780.o
                0x08000eac                LCD_Init
 .text.LCD_Write
                0x08000f4c       0xbc ..\obj\hd44780.o
                0x08000f4c                LCD_Write
 .text.LCD_I2C_Init
                0x08001008       0x90 ..\obj\hd44780.o
                0x08001008                LCD_I2C_Init
 .text.LCD_I2C_Write
                0x08001098       0x90 ..\obj\hd44780.o
                0x08001098                LCD_I2C_Write
 .text.LCD_Send
                0x08001128       0x48 ..\obj\hd44780.o
                0x08001128                LCD_Send
 .text.LCD_Send4Bits
                0x08001170       0x38 ..\obj\hd44780.o
                0x08001170                LCD_Send4Bits
 .text.LCD_PulseEnable
                0x080011a8       0x60 ..\obj\hd44780.o
                0x080011a8                LCD_PulseEnable
 .text.LCD_CursorSet
                0x08001208       0x60 ..\obj\hd44780.o
                0x08001208                LCD_CursorSet
 .text.Delay    0x08001268       0x58 ..\obj\tm_stm32f4_onewire.o
 .text.TM_OneWire_Init
                0x080012c0       0x3c ..\obj\tm_stm32f4_onewire.o
                0x080012c0                TM_OneWire_Init
 .text.TM_OneWire_Reset
                0x080012fc       0x6c ..\obj\tm_stm32f4_onewire.o
                0x080012fc                TM_OneWire_Reset
 .text.TM_OneWire_WriteBit
                0x08001368       0xa8 ..\obj\tm_stm32f4_onewire.o
                0x08001368                TM_OneWire_WriteBit
 .text.TM_OneWire_ReadBit
                0x08001410       0x68 ..\obj\tm_stm32f4_onewire.o
                0x08001410                TM_OneWire_ReadBit
 .text.TM_OneWire_WriteByte
                0x08001478       0x3c ..\obj\tm_stm32f4_onewire.o
                0x08001478                TM_OneWire_WriteByte
 .text.TM_OneWire_ReadByte
                0x080014b4       0x44 ..\obj\tm_stm32f4_onewire.o
                0x080014b4                TM_OneWire_ReadByte
 .text.TM_OneWire_First
                0x080014f8       0x20 ..\obj\tm_stm32f4_onewire.o
                0x080014f8                TM_OneWire_First
 .text.TM_OneWire_Next
                0x08001518       0x1c ..\obj\tm_stm32f4_onewire.o
                0x08001518                TM_OneWire_Next
 .text.TM_OneWire_ResetSearch
                0x08001534       0x24 ..\obj\tm_stm32f4_onewire.o
                0x08001534                TM_OneWire_ResetSearch
 .text.TM_OneWire_Search
                0x08001558      0x18c ..\obj\tm_stm32f4_onewire.o
                0x08001558                TM_OneWire_Search
 .text.TM_OneWire_SelectWithPointer
                0x080016e4       0x3c ..\obj\tm_stm32f4_onewire.o
                0x080016e4                TM_OneWire_SelectWithPointer
 .text.TM_OneWire_GetFullROM
                0x08001720       0x38 ..\obj\tm_stm32f4_onewire.o
                0x08001720                TM_OneWire_GetFullROM
 .text.TM_OneWire_CRC8
                0x08001758       0x70 ..\obj\tm_stm32f4_onewire.o
                0x08001758                TM_OneWire_CRC8
 .text.GPIO_Init
                0x080017c8      0x11c ..\obj\stm32f4xx_gpio.o
                0x080017c8                GPIO_Init
 .text.GPIO_ReadInputDataBit
                0x080018e4       0x34 ..\obj\stm32f4xx_gpio.o
                0x080018e4                GPIO_ReadInputDataBit
 .text.GPIO_SetBits
                0x08001918       0x1c ..\obj\stm32f4xx_gpio.o
                0x08001918                GPIO_SetBits
 .text.GPIO_ResetBits
                0x08001934       0x1c ..\obj\stm32f4xx_gpio.o
                0x08001934                GPIO_ResetBits
 .text.GPIO_PinAFConfig
                0x08001950       0x90 ..\obj\stm32f4xx_gpio.o
                0x08001950                GPIO_PinAFConfig
 .text.SystemInit
                0x080019e0       0x5c ..\obj\system_stm32f4xx.o
                0x080019e0                SystemInit
 .text.SetSysClock
                0x08001a3c       0xf4 ..\obj\system_stm32f4xx.o
 .text._sbrk    0x08001b30       0x3c ..\obj\syscalls.o
                0x08001b30                _sbrk
 .text.I2C_Init
                0x08001b6c      0x184 ..\obj\stm32f4xx_i2c.o
                0x08001b6c                I2C_Init
 .text.I2C_Cmd  0x08001cf0       0x40 ..\obj\stm32f4xx_i2c.o
                0x08001cf0                I2C_Cmd
 .text.I2C_GenerateSTART
                0x08001d30       0x40 ..\obj\stm32f4xx_i2c.o
                0x08001d30                I2C_GenerateSTART
 .text.I2C_GenerateSTOP
                0x08001d70       0x40 ..\obj\stm32f4xx_i2c.o
                0x08001d70                I2C_GenerateSTOP
 .text.I2C_Send7bitAddress
                0x08001db0       0x3c ..\obj\stm32f4xx_i2c.o
                0x08001db0                I2C_Send7bitAddress
 .text.I2C_SendData
                0x08001dec       0x20 ..\obj\stm32f4xx_i2c.o
                0x08001dec                I2C_SendData
 .text.I2C_CheckEvent
                0x08001e0c       0x60 ..\obj\stm32f4xx_i2c.o
                0x08001e0c                I2C_CheckEvent
 .text.I2C_GetFlagStatus
                0x08001e6c       0x64 ..\obj\stm32f4xx_i2c.o
                0x08001e6c                I2C_GetFlagStatus
 .text.EXTI_Init
                0x08001ed0       0xe4 ..\obj\stm32f4xx_exti.o
                0x08001ed0                EXTI_Init
 .text.EXTI_GetITStatus
                0x08001fb4       0x48 ..\obj\stm32f4xx_exti.o
                0x08001fb4                EXTI_GetITStatus
 .text.EXTI_ClearITPendingBit
                0x08001ffc       0x1c ..\obj\stm32f4xx_exti.o
                0x08001ffc                EXTI_ClearITPendingBit
 .text.NVIC_Init
                0x08002018       0xc0 ..\obj\misc.o
                0x08002018                NVIC_Init
 .text.TM_GPIO_Init
                0x080020d8       0x48 ..\obj\tm_stm32f4_gpio.o
                0x080020d8                TM_GPIO_Init
 .text.TM_GPIO_SetPinAsInput
                0x08002120       0x50 ..\obj\tm_stm32f4_gpio.o
                0x08002120                TM_GPIO_SetPinAsInput
 .text.TM_GPIO_SetPinAsOutput
                0x08002170       0x5c ..\obj\tm_stm32f4_gpio.o
                0x08002170                TM_GPIO_SetPinAsOutput
 .text.TM_GPIO_GetPortSource
                0x080021cc       0x20 ..\obj\tm_stm32f4_gpio.o
                0x080021cc                TM_GPIO_GetPortSource
 .text.TM_GPIO_INT_EnableClock
                0x080021ec       0x30 ..\obj\tm_stm32f4_gpio.o
                0x080021ec                TM_GPIO_INT_EnableClock
 .text.TM_GPIO_INT_Init
                0x0800221c      0x10c ..\obj\tm_stm32f4_gpio.o
                0x0800221c                TM_GPIO_INT_Init
 .text          0x08002328      0x370 c:/gnutoolchain/5.4_2016q2/bin/../lib/gcc/arm-none-eabi/5.4.1/armv7e-m\libgcc.a(_arm_addsubdf3.o)
                0x08002328                __aeabi_drsub
                0x08002330                __aeabi_dsub
                0x08002330                __subdf3
                0x08002334                __aeabi_dadd
                0x08002334                __adddf3
                0x080025ac                __floatunsidf
                0x080025ac                __aeabi_ui2d
                0x080025cc                __floatsidf
                0x080025cc                __aeabi_i2d
                0x080025f0                __aeabi_f2d
                0x080025f0                __extendsfdf2
                0x0800262c                __floatundidf
                0x0800262c                __aeabi_ul2d
                0x0800263c                __floatdidf
                0x0800263c                __aeabi_l2d
 .text          0x08002698      0x110 c:/gnutoolchain/5.4_2016q2/bin/../lib/gcc/arm-none-eabi/5.4.1/armv7e-m\libgcc.a(_arm_cmpdf2.o)
                0x08002698                __gtdf2
                0x08002698                __gedf2
                0x080026a0                __ltdf2
                0x080026a0                __ledf2
                0x080026a8                __nedf2
                0x080026a8                __eqdf2
                0x080026a8                __cmpdf2
                0x08002724                __aeabi_cdrcmple
                0x08002734                __aeabi_cdcmpeq
                0x08002734                __aeabi_cdcmple
                0x08002744                __aeabi_dcmpeq
                0x08002758                __aeabi_dcmplt
                0x0800276c                __aeabi_dcmple
                0x08002780                __aeabi_dcmpge
                0x08002794                __aeabi_dcmpgt
 .text          0x080027a8      0x21c c:/gnutoolchain/5.4_2016q2/bin/../lib/gcc/arm-none-eabi/5.4.1/armv7e-m\libgcc.a(_arm_addsubsf3.o)
                0x080027a8                __aeabi_frsub
                0x080027b0                __subsf3
                0x080027b0                __aeabi_fsub
                0x080027b4                __aeabi_fadd
                0x080027b4                __addsf3
                0x08002914                __aeabi_ui2f
                0x08002914                __floatunsisf
                0x0800291c                __aeabi_i2f
                0x0800291c                __floatsisf
                0x08002938                __aeabi_ul2f
                0x08002938                __floatundisf
                0x08002948                __aeabi_l2f
                0x08002948                __floatdisf
 .text          0x080029c4      0x2a0 c:/gnutoolchain/5.4_2016q2/bin/../lib/gcc/arm-none-eabi/5.4.1/armv7e-m\libgcc.a(_arm_muldivsf3.o)
                0x080029c4                __mulsf3
                0x080029c4                __aeabi_fmul
                0x08002b2c                __aeabi_fdiv
                0x08002b2c                __divsf3
 .text          0x08002c64       0xec c:/gnutoolchain/5.4_2016q2/bin/../lib/gcc/arm-none-eabi/5.4.1/armv7e-m\libgcc.a(_arm_cmpsf2.o)
                0x08002c64                __gesf2
                0x08002c64                __gtsf2
                0x08002c6c                __lesf2
                0x08002c6c                __ltsf2
                0x08002c74                __nesf2
                0x08002c74                __eqsf2
                0x08002c74                __cmpsf2
                0x08002cd4                __aeabi_cfrcmple
                0x08002cdc                __aeabi_cfcmpeq
                0x08002cdc                __aeabi_cfcmple
                0x08002cec                __aeabi_fcmpeq
                0x08002d00                __aeabi_fcmplt
                0x08002d14                __aeabi_fcmple
                0x08002d28                __aeabi_fcmpge
                0x08002d3c                __aeabi_fcmpgt
 .text._malloc_r
                0x08002d50      0x570 c:/gnutoolchain/5.4_2016q2/bin/../lib/gcc/arm-none-eabi/5.4.1/../../../../arm-none-eabi/lib/armv7e-m\libg.a(lib_a-mallocr.o)
                0x08002d50                _malloc_r
 .text.__malloc_lock
                0x080032c0        0x4 c:/gnutoolchain/5.4_2016q2/bin/../lib/gcc/arm-none-eabi/5.4.1/../../../../arm-none-eabi/lib/armv7e-m\libg.a(lib_a-mlock.o)
                0x080032c0                __malloc_lock
 .text.__malloc_unlock
                0x080032c4        0x4 c:/gnutoolchain/5.4_2016q2/bin/../lib/gcc/arm-none-eabi/5.4.1/../../../../arm-none-eabi/lib/armv7e-m\libg.a(lib_a-mlock.o)
                0x080032c4                __malloc_unlock
 .text._sbrk_r  0x080032c8       0x24 c:/gnutoolchain/5.4_2016q2/bin/../lib/gcc/arm-none-eabi/5.4.1/../../../../arm-none-eabi/lib/armv7e-m\libg.a(lib_a-sbrkr.o)
                0x080032c8                _sbrk_r
 .text.sprintf  0x080032ec       0x4c c:/gnutoolchain/5.4_2016q2/bin/../lib/gcc/arm-none-eabi/5.4.1/../../../../arm-none-eabi/lib/armv7e-m\libg.a(lib_a-sprintf.o)
                0x080032ec                sprintf
 .text._svfprintf_r
                0x08003338     0x169c c:/gnutoolchain/5.4_2016q2/bin/../lib/gcc/arm-none-eabi/5.4.1/../../../../arm-none-eabi/lib/armv7e-m\libg.a(lib_a-svfprintf.o)
                0x08003338                _svfprintf_r
 .text.quorem   0x080049d4      0x128 c:/gnutoolchain/5.4_2016q2/bin/../lib/gcc/arm-none-eabi/5.4.1/../../../../arm-none-eabi/lib/armv7e-m\libg.a(lib_a-dtoa.o)
 *fill*         0x08004afc        0x4 
 .text._dtoa_r  0x08004b00      0xe58 c:/gnutoolchain/5.4_2016q2/bin/../lib/gcc/arm-none-eabi/5.4.1/../../../../arm-none-eabi/lib/armv7e-m\libg.a(lib_a-dtoa.o)
                0x08004b00                _dtoa_r
 .text._malloc_trim_r
                0x08005958       0x9c c:/gnutoolchain/5.4_2016q2/bin/../lib/gcc/arm-none-eabi/5.4.1/../../../../arm-none-eabi/lib/armv7e-m\libg.a(lib_a-freer.o)
                0x08005958                _malloc_trim_r
 .text._free_r  0x080059f4      0x1d0 c:/gnutoolchain/5.4_2016q2/bin/../lib/gcc/arm-none-eabi/5.4.1/../../../../arm-none-eabi/lib/armv7e-m\libg.a(lib_a-freer.o)
                0x080059f4                _free_r
 .text._localeconv_r
                0x08005bc4        0x8 c:/gnutoolchain/5.4_2016q2/bin/../lib/gcc/arm-none-eabi/5.4.1/../../../../arm-none-eabi/lib/armv7e-m\libg.a(lib_a-locale.o)
                0x08005bc4                _localeconv_r
 *fill*         0x08005bcc        0x4 
 .text          0x08005bd0       0xa0 c:/gnutoolchain/5.4_2016q2/bin/../lib/gcc/arm-none-eabi/5.4.1/../../../../arm-none-eabi/lib/armv7e-m\libg.a(lib_a-memchr.o)
                0x08005bd0                memchr
 .text          0x08005c70      0x134 c:/gnutoolchain/5.4_2016q2/bin/../lib/gcc/arm-none-eabi/5.4.1/../../../../arm-none-eabi/lib/armv7e-m\libg.a(lib_a-memcpy.o)
                0x08005c70                memcpy
 .text._Balloc  0x08005da4       0x4c c:/gnutoolchain/5.4_2016q2/bin/../lib/gcc/arm-none-eabi/5.4.1/../../../../arm-none-eabi/lib/armv7e-m\libg.a(lib_a-mprec.o)
                0x08005da4                _Balloc
 .text._Bfree   0x08005df0       0x14 c:/gnutoolchain/5.4_2016q2/bin/../lib/gcc/arm-none-eabi/5.4.1/../../../../arm-none-eabi/lib/armv7e-m\libg.a(lib_a-mprec.o)
                0x08005df0                _Bfree
 .text.__multadd
                0x08005e04       0x80 c:/gnutoolchain/5.4_2016q2/bin/../lib/gcc/arm-none-eabi/5.4.1/../../../../arm-none-eabi/lib/armv7e-m\libg.a(lib_a-mprec.o)
                0x08005e04                __multadd
 .text.__hi0bits
                0x08005e84       0x40 c:/gnutoolchain/5.4_2016q2/bin/../lib/gcc/arm-none-eabi/5.4.1/../../../../arm-none-eabi/lib/armv7e-m\libg.a(lib_a-mprec.o)
                0x08005e84                __hi0bits
 .text.__lo0bits
                0x08005ec4       0x5c c:/gnutoolchain/5.4_2016q2/bin/../lib/gcc/arm-none-eabi/5.4.1/../../../../arm-none-eabi/lib/armv7e-m\libg.a(lib_a-mprec.o)
                0x08005ec4                __lo0bits
 .text.__i2b    0x08005f20       0x14 c:/gnutoolchain/5.4_2016q2/bin/../lib/gcc/arm-none-eabi/5.4.1/../../../../arm-none-eabi/lib/armv7e-m\libg.a(lib_a-mprec.o)
                0x08005f20                __i2b
 .text.__multiply
                0x08005f34      0x130 c:/gnutoolchain/5.4_2016q2/bin/../lib/gcc/arm-none-eabi/5.4.1/../../../../arm-none-eabi/lib/armv7e-m\libg.a(lib_a-mprec.o)
                0x08005f34                __multiply
 .text.__pow5mult
                0x08006064       0xa0 c:/gnutoolchain/5.4_2016q2/bin/../lib/gcc/arm-none-eabi/5.4.1/../../../../arm-none-eabi/lib/armv7e-m\libg.a(lib_a-mprec.o)
                0x08006064                __pow5mult
 .text.__lshift
                0x08006104       0xb0 c:/gnutoolchain/5.4_2016q2/bin/../lib/gcc/arm-none-eabi/5.4.1/../../../../arm-none-eabi/lib/armv7e-m\libg.a(lib_a-mprec.o)
                0x08006104                __lshift
 .text.__mcmp   0x080061b4       0x40 c:/gnutoolchain/5.4_2016q2/bin/../lib/gcc/arm-none-eabi/5.4.1/../../../../arm-none-eabi/lib/armv7e-m\libg.a(lib_a-mprec.o)
                0x080061b4                __mcmp
 .text.__mdiff  0x080061f4      0x114 c:/gnutoolchain/5.4_2016q2/bin/../lib/gcc/arm-none-eabi/5.4.1/../../../../arm-none-eabi/lib/armv7e-m\libg.a(lib_a-mprec.o)
                0x080061f4                __mdiff
 .text.__d2b    0x08006308       0xb8 c:/gnutoolchain/5.4_2016q2/bin/../lib/gcc/arm-none-eabi/5.4.1/../../../../arm-none-eabi/lib/armv7e-m\libg.a(lib_a-mprec.o)
                0x08006308                __d2b
 .text          0x080063c0       0xdc c:/gnutoolchain/5.4_2016q2/bin/../lib/gcc/arm-none-eabi/5.4.1/../../../../arm-none-eabi/lib/armv7e-m\libg.a(lib_a-strlen.o)
                0x080063c0                strlen
 .text.__ssprint_r
                0x0800649c      0x100 c:/gnutoolchain/5.4_2016q2/bin/../lib/gcc/arm-none-eabi/5.4.1/../../../../arm-none-eabi/lib/armv7e-m\libg.a(lib_a-svfiprintf.o)
                0x0800649c                __ssprint_r
 .text._calloc_r
                0x0800659c       0x60 c:/gnutoolchain/5.4_2016q2/bin/../lib/gcc/arm-none-eabi/5.4.1/../../../../arm-none-eabi/lib/armv7e-m\libg.a(lib_a-callocr.o)
                0x0800659c                _calloc_r
 .text.memmove  0x080065fc       0xc8 c:/gnutoolchain/5.4_2016q2/bin/../lib/gcc/arm-none-eabi/5.4.1/../../../../arm-none-eabi/lib/armv7e-m\libg.a(lib_a-memmove.o)
                0x080065fc                memmove
 .text.memset   0x080066c4       0x9c c:/gnutoolchain/5.4_2016q2/bin/../lib/gcc/arm-none-eabi/5.4.1/../../../../arm-none-eabi/lib/armv7e-m\libg.a(lib_a-memset.o)
                0x080066c4                memset
 .text._realloc_r
                0x08006760      0x3e0 c:/gnutoolchain/5.4_2016q2/bin/../lib/gcc/arm-none-eabi/5.4.1/../../../../arm-none-eabi/lib/armv7e-m\libg.a(lib_a-reallocr.o)
                0x08006760                _realloc_r
 .text          0x08006b40      0x424 c:/gnutoolchain/5.4_2016q2/bin/../lib/gcc/arm-none-eabi/5.4.1/armv7e-m\libgcc.a(_arm_muldivdf3.o)
                0x08006b40                __aeabi_dmul
                0x08006b40                __muldf3
                0x08006d94                __divdf3
                0x08006d94                __aeabi_ddiv
 .text          0x08006f64       0x2c c:/gnutoolchain/5.4_2016q2/bin/../lib/gcc/arm-none-eabi/5.4.1/armv7e-m\libgcc.a(_arm_unorddf2.o)
                0x08006f64                __unorddf2
                0x08006f64                __aeabi_dcmpun
 .text          0x08006f90       0x50 c:/gnutoolchain/5.4_2016q2/bin/../lib/gcc/arm-none-eabi/5.4.1/armv7e-m\libgcc.a(_arm_fixdfsi.o)
                0x08006f90                __aeabi_d2iz
                0x08006f90                __fixdfsi
 .text          0x08006fe0       0x30 c:/gnutoolchain/5.4_2016q2/bin/../lib/gcc/arm-none-eabi/5.4.1/armv7e-m\libgcc.a(_aeabi_uldivmod.o)
                0x08006fe0                __aeabi_uldivmod
 .text          0x08007010      0x2e4 c:/gnutoolchain/5.4_2016q2/bin/../lib/gcc/arm-none-eabi/5.4.1/armv7e-m\libgcc.a(_udivmoddi4.o)
                0x08007010                __udivmoddi4
 .text          0x080072f4        0x4 c:/gnutoolchain/5.4_2016q2/bin/../lib/gcc/arm-none-eabi/5.4.1/armv7e-m\libgcc.a(_dvmd_tls.o)
                0x080072f4                __aeabi_idiv0
                0x080072f4                __aeabi_ldiv0
 *(.init)
 *(.fini)
 *crtbegin.o(.ctors)
 *crtbegin?.o(.ctors)
 *(EXCLUDE_FILE(*crtend.o *crtend?.o) .ctors)
 *(SORT(.ctors.*))
 *(.ctors)
 *crtbegin.o(.dtors)
 *crtbegin?.o(.dtors)
 *(EXCLUDE_FILE(*crtend.o *crtend?.o) .dtors)
 *(SORT(.dtors.*))
 *(.dtors)
 *(.rodata*)
 .rodata        0x080072f8       0x85 ..\obj\main.o
 *fill*         0x0800737d        0x3 
 .rodata        0x08007380        0x4 ..\obj\hd44780.o
 .rodata.blanks.7055
                0x08007384       0x10 c:/gnutoolchain/5.4_2016q2/bin/../lib/gcc/arm-none-eabi/5.4.1/../../../../arm-none-eabi/lib/armv7e-m\libg.a(lib_a-svfprintf.o)
 .rodata.str1.4
                0x08007394       0x42 c:/gnutoolchain/5.4_2016q2/bin/../lib/gcc/arm-none-eabi/5.4.1/../../../../arm-none-eabi/lib/armv7e-m\libg.a(lib_a-svfprintf.o)
 *fill*         0x080073d6        0x2 
 .rodata.zeroes.7056
                0x080073d8       0x10 c:/gnutoolchain/5.4_2016q2/bin/../lib/gcc/arm-none-eabi/5.4.1/../../../../arm-none-eabi/lib/armv7e-m\libg.a(lib_a-svfprintf.o)
 .rodata.str1.4
                0x080073e8       0x10 c:/gnutoolchain/5.4_2016q2/bin/../lib/gcc/arm-none-eabi/5.4.1/../../../../arm-none-eabi/lib/armv7e-m\libg.a(lib_a-dtoa.o)
                                 0x12 (size before relaxing)
 .rodata.str1.4
                0x080073f8        0x2 c:/gnutoolchain/5.4_2016q2/bin/../lib/gcc/arm-none-eabi/5.4.1/../../../../arm-none-eabi/lib/armv7e-m\libg.a(lib_a-impure.o)
 *fill*         0x080073fa        0x2 
 .rodata.str1.4
                0x080073fc        0xc c:/gnutoolchain/5.4_2016q2/bin/../lib/gcc/arm-none-eabi/5.4.1/../../../../arm-none-eabi/lib/armv7e-m\libg.a(lib_a-locale.o)
                                 0x12 (size before relaxing)
 .rodata.__mprec_tens
                0x08007408       0xc8 c:/gnutoolchain/5.4_2016q2/bin/../lib/gcc/arm-none-eabi/5.4.1/../../../../arm-none-eabi/lib/armv7e-m\libg.a(lib_a-mprec.o)
                0x08007408                __mprec_tens
 .rodata.__mprec_bigtens
                0x080074d0       0x28 c:/gnutoolchain/5.4_2016q2/bin/../lib/gcc/arm-none-eabi/5.4.1/../../../../arm-none-eabi/lib/armv7e-m\libg.a(lib_a-mprec.o)
                0x080074d0                __mprec_bigtens
 .rodata.p05.5396
                0x080074f8        0xc c:/gnutoolchain/5.4_2016q2/bin/../lib/gcc/arm-none-eabi/5.4.1/../../../../arm-none-eabi/lib/armv7e-m\libg.a(lib_a-mprec.o)
 *(.eh_fram e*)

.glue_7         0x08007504        0x0
 .glue_7        0x08007504        0x0 linker stubs

.glue_7t        0x08007504        0x0
 .glue_7t       0x08007504        0x0 linker stubs

.vfp11_veneer   0x08007504        0x0
 .vfp11_veneer  0x08007504        0x0 linker stubs

.v4_bx          0x08007504        0x0
 .v4_bx         0x08007504        0x0 linker stubs

.iplt           0x08007504        0x0
 .iplt          0x08007504        0x0 ..\obj\stm32f4xx_syscfg.o

.ARM.extab
 *(.ARM.extab* .gnu.linkonce.armextab.*)
                0x08007504                __exidx_start = .

.ARM.exidx      0x08007504        0x8
 *(.ARM.exidx* .gnu.linkonce.armexidx.*)
 .ARM.exidx     0x08007504        0x8 c:/gnutoolchain/5.4_2016q2/bin/../lib/gcc/arm-none-eabi/5.4.1/armv7e-m\libgcc.a(_udivmoddi4.o)
                0x0800750c                __exidx_end = .
                0x0800750c                __etext = .
                0x0800750c                _sidata = __etext

.rel.dyn        0x0800750c        0x0
 .rel.iplt      0x0800750c        0x0 ..\obj\stm32f4xx_syscfg.o

.data           0x20000000      0x8a4 load address 0x0800750c
                0x20000000                __data_start__ = .
                0x20000000                _sdata = __data_start__
 *(vtable)
 *(.data*)
 .data          0x20000000        0x4 ..\obj\main.o
                0x20000000                tempSet
 .data          0x20000004       0x10 ..\obj\stm32f4xx_rcc.o
 .data          0x20000014        0x2 ..\obj\hd44780.o
                0x20000014                _address
                0x20000015                _backlight
 *fill*         0x20000016        0x2 
 .data          0x20000018       0x14 ..\obj\system_stm32f4xx.o
                0x20000018                SystemCoreClock
                0x2000001c                AHBPrescTable
 .data.__malloc_av_
                0x2000002c      0x408 c:/gnutoolchain/5.4_2016q2/bin/../lib/gcc/arm-none-eabi/5.4.1/../../../../arm-none-eabi/lib/armv7e-m\libg.a(lib_a-mallocr.o)
                0x2000002c                __malloc_av_
 .data.__malloc_trim_threshold
                0x20000434        0x4 c:/gnutoolchain/5.4_2016q2/bin/../lib/gcc/arm-none-eabi/5.4.1/../../../../arm-none-eabi/lib/armv7e-m\libg.a(lib_a-mallocr.o)
                0x20000434                __malloc_trim_threshold
 .data.__malloc_sbrk_base
                0x20000438        0x4 c:/gnutoolchain/5.4_2016q2/bin/../lib/gcc/arm-none-eabi/5.4.1/../../../../arm-none-eabi/lib/armv7e-m\libg.a(lib_a-mallocr.o)
                0x20000438                __malloc_sbrk_base
 *fill*         0x2000043c        0x4 
 .data.impure_data
                0x20000440      0x428 c:/gnutoolchain/5.4_2016q2/bin/../lib/gcc/arm-none-eabi/5.4.1/../../../../arm-none-eabi/lib/armv7e-m\libg.a(lib_a-impure.o)
 .data._impure_ptr
                0x20000868        0x4 c:/gnutoolchain/5.4_2016q2/bin/../lib/gcc/arm-none-eabi/5.4.1/../../../../arm-none-eabi/lib/armv7e-m\libg.a(lib_a-impure.o)
                0x20000868                _impure_ptr
 .data.lconv    0x2000086c       0x38 c:/gnutoolchain/5.4_2016q2/bin/../lib/gcc/arm-none-eabi/5.4.1/../../../../arm-none-eabi/lib/armv7e-m\libg.a(lib_a-locale.o)
                0x200008a4                . = ALIGN (0x4)
                [!provide]                PROVIDE (__preinit_array_start, .)
 *(.preinit_array)
                [!provide]                PROVIDE (__preinit_array_end, .)
                0x200008a4                . = ALIGN (0x4)
                [!provide]                PROVIDE (__init_array_start, .)
 *(SORT(.init_array.*))
 *(.init_array)
                [!provide]                PROVIDE (__init_array_end, .)
                0x200008a4                . = ALIGN (0x4)
                [!provide]                PROVIDE (__fini_array_start, .)
 *(SORT(.fini_array.*))
 *(.fini_array)
                [!provide]                PROVIDE (__fini_array_end, .)
 *(.jcr*)
                0x200008a4                . = ALIGN (0x4)
                0x200008a4                __data_end__ = .
                0x200008a4                _edata = __data_end__

.igot.plt       0x200008a4        0x0 load address 0x08007db0
 .igot.plt      0x200008a4        0x0 ..\obj\stm32f4xx_syscfg.o

.bss            0x200008a4       0x84 load address 0x08007db0
                0x200008a4                . = ALIGN (0x4)
                0x200008a4                __bss_start__ = .
                0x200008a4                _sbss = __bss_start__
 *(.bss*)
 .bss           0x200008a4       0x28 ..\obj\tm_stm32f4_delay.o
                0x200008a4                TM_TimingDelay
                0x200008a8                TM_Time
                0x200008ac                TM_Time2
                0x200008b0                TM_DELAY_Initialized
 .bss           0x200008cc        0x2 ..\obj\hd44780.o
                0x200008cc                _currentX
                0x200008cd                _currentY
 *fill*         0x200008ce        0x2 
 .bss           0x200008d0        0x4 ..\obj\syscalls.o
 .bss           0x200008d4       0x16 ..\obj\tm_stm32f4_gpio.o
 *fill*         0x200008ea        0x2 
 .bss.__malloc_max_total_mem
                0x200008ec        0x4 c:/gnutoolchain/5.4_2016q2/bin/../lib/gcc/arm-none-eabi/5.4.1/../../../../arm-none-eabi/lib/armv7e-m\libg.a(lib_a-mallocr.o)
                0x200008ec                __malloc_max_total_mem
 .bss.__malloc_max_sbrked_mem
                0x200008f0        0x4 c:/gnutoolchain/5.4_2016q2/bin/../lib/gcc/arm-none-eabi/5.4.1/../../../../arm-none-eabi/lib/armv7e-m\libg.a(lib_a-mallocr.o)
                0x200008f0                __malloc_max_sbrked_mem
 .bss.__malloc_top_pad
                0x200008f4        0x4 c:/gnutoolchain/5.4_2016q2/bin/../lib/gcc/arm-none-eabi/5.4.1/../../../../arm-none-eabi/lib/armv7e-m\libg.a(lib_a-mallocr.o)
                0x200008f4                __malloc_top_pad
 .bss.__malloc_current_mallinfo
                0x200008f8       0x28 c:/gnutoolchain/5.4_2016q2/bin/../lib/gcc/arm-none-eabi/5.4.1/../../../../arm-none-eabi/lib/armv7e-m\libg.a(lib_a-mallocr.o)
                0x200008f8                __malloc_current_mallinfo
 *(COMMON)
 COMMON         0x20000920        0x4 ..\obj\tm_stm32f4_delay.o
                0x20000920                mult
 COMMON         0x20000924        0x4 c:/gnutoolchain/5.4_2016q2/bin/../lib/gcc/arm-none-eabi/5.4.1/../../../../arm-none-eabi/lib/armv7e-m\libg.a(lib_a-reent.o)
                0x20000924                errno
                0x20000928                . = ALIGN (0x4)
                0x20000928                __bss_end__ = .
                0x20000928                _ebss = __bss_end__

.heap           0x20000928        0x0
                0x20000928                __end__ = .
                0x20000928                _end = __end__
                0x20000928                end = __end__
 *(.heap*)
                0x20000928                __HeapLimit = .

.co_stack       0x20000928      0x800 load address 0x08007e34
                0x20000928                . = ALIGN (0x8)
 *(.co_stack .co_stack.*)
 .co_stack      0x20000928      0x800 ..\obj\startup_stm32f4xx.o
                0x20000928                pulStack
                0x20020000                __StackTop = (ORIGIN (ram) + LENGTH (ram))
                0x2001f800                __StackLimit = (__StackTop - SIZEOF (.co_stack))
                [!provide]                PROVIDE (__stack, __StackTop)
                0x00000001                ASSERT ((__StackLimit >= __HeapLimit), region ram  overflowed with stack)
LOAD ..\obj\stm32f4xx_syscfg.o
LOAD ..\obj\tm_stm32f4_ds18b20.o
LOAD ..\obj\startup_stm32f4xx.o
LOAD ..\obj\main.o
LOAD ..\obj\stm32f4xx_rcc.o
LOAD ..\obj\tm_stm32f4_delay.o
LOAD ..\obj\hd44780.o
LOAD ..\obj\tm_stm32f4_onewire.o
LOAD ..\obj\stm32f4xx_gpio.o
LOAD ..\obj\system_stm32f4xx.o
LOAD ..\obj\syscalls.o
LOAD ..\obj\stm32f4xx_i2c.o
LOAD ..\obj\stm32f4xx_exti.o
LOAD ..\obj\misc.o
LOAD ..\obj\tm_stm32f4_gpio.o
START GROUP
LOAD c:/gnutoolchain/5.4_2016q2/bin/../lib/gcc/arm-none-eabi/5.4.1/armv7e-m\libgcc.a
LOAD c:/gnutoolchain/5.4_2016q2/bin/../lib/gcc/arm-none-eabi/5.4.1/../../../../arm-none-eabi/lib/armv7e-m\libg.a
LOAD c:/gnutoolchain/5.4_2016q2/bin/../lib/gcc/arm-none-eabi/5.4.1/../../../../arm-none-eabi/lib/armv7e-m\libc.a
END GROUP
OUTPUT(beerarm.elf elf32-littlearm)

.debug_info     0x00000000     0x6481
 .debug_info    0x00000000      0x274 ..\obj\stm32f4xx_syscfg.o
 .debug_info    0x00000274      0x61a ..\obj\tm_stm32f4_ds18b20.o
 .debug_info    0x0000088e       0xf2 ..\obj\startup_stm32f4xx.o
 .debug_info    0x00000980      0x97c ..\obj\main.o
 .debug_info    0x000012fc      0xc63 ..\obj\stm32f4xx_rcc.o
 .debug_info    0x00001f5f      0xa24 ..\obj\tm_stm32f4_delay.o
 .debug_info    0x00002983      0x70b ..\obj\hd44780.o
 .debug_info    0x0000308e      0x7d2 ..\obj\tm_stm32f4_onewire.o
 .debug_info    0x00003860      0x61a ..\obj\stm32f4xx_gpio.o
 .debug_info    0x00003e7a      0x5c5 ..\obj\system_stm32f4xx.o
 .debug_info    0x0000443f      0x458 ..\obj\syscalls.o
 .debug_info    0x00004897      0xb00 ..\obj\stm32f4xx_i2c.o
 .debug_info    0x00005397      0x357 ..\obj\stm32f4xx_exti.o
 .debug_info    0x000056ee      0x556 ..\obj\misc.o
 .debug_info    0x00005c44      0x83d ..\obj\tm_stm32f4_gpio.o

.debug_abbrev   0x00000000     0x1846
 .debug_abbrev  0x00000000      0x133 ..\obj\stm32f4xx_syscfg.o
 .debug_abbrev  0x00000133      0x1cb ..\obj\tm_stm32f4_ds18b20.o
 .debug_abbrev  0x000002fe       0xb0 ..\obj\startup_stm32f4xx.o
 .debug_abbrev  0x000003ae      0x238 ..\obj\main.o
 .debug_abbrev  0x000005e6      0x1e5 ..\obj\stm32f4xx_rcc.o
 .debug_abbrev  0x000007cb      0x2cf ..\obj\tm_stm32f4_delay.o
 .debug_abbrev  0x00000a9a      0x210 ..\obj\hd44780.o
 .debug_abbrev  0x00000caa      0x231 ..\obj\tm_stm32f4_onewire.o
 .debug_abbrev  0x00000edb      0x1a7 ..\obj\stm32f4xx_gpio.o
 .debug_abbrev  0x00001082      0x138 ..\obj\system_stm32f4xx.o
 .debug_abbrev  0x000011ba       0xe5 ..\obj\syscalls.o
 .debug_abbrev  0x0000129f      0x166 ..\obj\stm32f4xx_i2c.o
 .debug_abbrev  0x00001405      0x1a9 ..\obj\stm32f4xx_exti.o
 .debug_abbrev  0x000015ae      0x147 ..\obj\misc.o
 .debug_abbrev  0x000016f5      0x151 ..\obj\tm_stm32f4_gpio.o

.debug_aranges  0x00000000      0x7a8
 .debug_aranges
                0x00000000       0x48 ..\obj\stm32f4xx_syscfg.o
 .debug_aranges
                0x00000048       0x70 ..\obj\tm_stm32f4_ds18b20.o
 .debug_aranges
                0x000000b8       0x28 ..\obj\startup_stm32f4xx.o
 .debug_aranges
                0x000000e0       0x40 ..\obj\main.o
 .debug_aranges
                0x00000120      0x178 ..\obj\stm32f4xx_rcc.o
 .debug_aranges
                0x00000298       0x80 ..\obj\tm_stm32f4_delay.o
 .debug_aranges
                0x00000318       0x78 ..\obj\hd44780.o
 .debug_aranges
                0x00000390       0xb0 ..\obj\tm_stm32f4_onewire.o
 .debug_aranges
                0x00000440       0x88 ..\obj\stm32f4xx_gpio.o
 .debug_aranges
                0x000004c8       0x30 ..\obj\system_stm32f4xx.o
 .debug_aranges
                0x000004f8       0x60 ..\obj\syscalls.o
 .debug_aranges
                0x00000558      0x120 ..\obj\stm32f4xx_i2c.o
 .debug_aranges
                0x00000678       0x58 ..\obj\stm32f4xx_exti.o
 .debug_aranges
                0x000006d0       0x40 ..\obj\misc.o
 .debug_aranges
                0x00000710       0x98 ..\obj\tm_stm32f4_gpio.o

.debug_ranges   0x00000000      0x6b8
 .debug_ranges  0x00000000       0x38 ..\obj\stm32f4xx_syscfg.o
 .debug_ranges  0x00000038       0x60 ..\obj\tm_stm32f4_ds18b20.o
 .debug_ranges  0x00000098       0x18 ..\obj\startup_stm32f4xx.o
 .debug_ranges  0x000000b0       0x30 ..\obj\main.o
 .debug_ranges  0x000000e0      0x168 ..\obj\stm32f4xx_rcc.o
 .debug_ranges  0x00000248       0x70 ..\obj\tm_stm32f4_delay.o
 .debug_ranges  0x000002b8       0x68 ..\obj\hd44780.o
 .debug_ranges  0x00000320       0xa0 ..\obj\tm_stm32f4_onewire.o
 .debug_ranges  0x000003c0       0x78 ..\obj\stm32f4xx_gpio.o
 .debug_ranges  0x00000438       0x20 ..\obj\system_stm32f4xx.o
 .debug_ranges  0x00000458       0x50 ..\obj\syscalls.o
 .debug_ranges  0x000004a8      0x110 ..\obj\stm32f4xx_i2c.o
 .debug_ranges  0x000005b8       0x48 ..\obj\stm32f4xx_exti.o
 .debug_ranges  0x00000600       0x30 ..\obj\misc.o
 .debug_ranges  0x00000630       0x88 ..\obj\tm_stm32f4_gpio.o

.debug_line     0x00000000     0x2f38
 .debug_line    0x00000000      0x1f8 ..\obj\stm32f4xx_syscfg.o
 .debug_line    0x000001f8      0x386 ..\obj\tm_stm32f4_ds18b20.o
 .debug_line    0x0000057e       0xa4 ..\obj\startup_stm32f4xx.o
 .debug_line    0x00000622      0x38b ..\obj\main.o
 .debug_line    0x000009ad      0x595 ..\obj\stm32f4xx_rcc.o
 .debug_line    0x00000f42      0x389 ..\obj\tm_stm32f4_delay.o
 .debug_line    0x000012cb      0x3be ..\obj\hd44780.o
 .debug_line    0x00001689      0x4ad ..\obj\tm_stm32f4_onewire.o
 .debug_line    0x00001b36      0x350 ..\obj\stm32f4xx_gpio.o
 .debug_line    0x00001e86      0x1cc ..\obj\system_stm32f4xx.o
 .debug_line    0x00002052      0x1b8 ..\obj\syscalls.o
 .debug_line    0x0000220a      0x4db ..\obj\stm32f4xx_i2c.o
 .debug_line    0x000026e5      0x291 ..\obj\stm32f4xx_exti.o
 .debug_line    0x00002976      0x22e ..\obj\misc.o
 .debug_line    0x00002ba4      0x394 ..\obj\tm_stm32f4_gpio.o

.debug_str      0x00000000     0x276b
 .debug_str     0x00000000      0x299 ..\obj\stm32f4xx_syscfg.o
                                0x2f7 (size before relaxing)
 .debug_str     0x00000299      0x2f3 ..\obj\tm_stm32f4_ds18b20.o
                                0x461 (size before relaxing)
 .debug_str     0x0000058c       0xb3 ..\obj\startup_stm32f4xx.o
                                0x14a (size before relaxing)
 .debug_str     0x0000063f      0x82f ..\obj\main.o
                                0xb7d (size before relaxing)
 .debug_str     0x00000e6e      0x685 ..\obj\stm32f4xx_rcc.o
                                0x853 (size before relaxing)
 .debug_str     0x000014f3      0x2b1 ..\obj\tm_stm32f4_delay.o
                                0x9d1 (size before relaxing)
 .debug_str     0x000017a4      0x19a ..\obj\hd44780.o
                                0x577 (size before relaxing)
 .debug_str     0x0000193e      0x365 ..\obj\tm_stm32f4_onewire.o
                                0x5a7 (size before relaxing)
 .debug_str     0x00001ca3      0x175 ..\obj\stm32f4xx_gpio.o
                                0x4a6 (size before relaxing)
 .debug_str     0x00001e18       0xb7 ..\obj\system_stm32f4xx.o
                                0x3ad (size before relaxing)
 .debug_str     0x00001ecf      0x184 ..\obj\syscalls.o
                                0x33c (size before relaxing)
 .debug_str     0x00002053      0x338 ..\obj\stm32f4xx_i2c.o
                                0x668 (size before relaxing)
 .debug_str     0x0000238b       0xf3 ..\obj\stm32f4xx_exti.o
                                0x35c (size before relaxing)
 .debug_str     0x0000247e      0x106 ..\obj\misc.o
                                0x3d1 (size before relaxing)
 .debug_str     0x00002584      0x1e7 ..\obj\tm_stm32f4_gpio.o
                                0x5ae (size before relaxing)

.comment        0x00000000       0x6e
 .comment       0x00000000       0x6e ..\obj\stm32f4xx_syscfg.o
                                 0x6f (size before relaxing)
 .comment       0x0000006e       0x6f ..\obj\tm_stm32f4_ds18b20.o
 .comment       0x0000006e       0x6f ..\obj\startup_stm32f4xx.o
 .comment       0x0000006e       0x6f ..\obj\main.o
 .comment       0x0000006e       0x6f ..\obj\stm32f4xx_rcc.o
 .comment       0x0000006e       0x6f ..\obj\tm_stm32f4_delay.o
 .comment       0x0000006e       0x6f ..\obj\hd44780.o
 .comment       0x0000006e       0x6f ..\obj\tm_stm32f4_onewire.o
 .comment       0x0000006e       0x6f ..\obj\stm32f4xx_gpio.o
 .comment       0x0000006e       0x6f ..\obj\system_stm32f4xx.o
 .comment       0x0000006e       0x6f ..\obj\syscalls.o
 .comment       0x0000006e       0x6f ..\obj\stm32f4xx_i2c.o
 .comment       0x0000006e       0x6f ..\obj\stm32f4xx_exti.o
 .comment       0x0000006e       0x6f ..\obj\misc.o
 .comment       0x0000006e       0x6f ..\obj\tm_stm32f4_gpio.o

.ARM.attributes
                0x00000000       0x31
 .ARM.attributes
                0x00000000       0x33 ..\obj\stm32f4xx_syscfg.o
 .ARM.attributes
                0x00000033       0x33 ..\obj\tm_stm32f4_ds18b20.o
 .ARM.attributes
                0x00000066       0x33 ..\obj\startup_stm32f4xx.o
 .ARM.attributes
                0x00000099       0x33 ..\obj\main.o
 .ARM.attributes
                0x000000cc       0x33 ..\obj\stm32f4xx_rcc.o
 .ARM.attributes
                0x000000ff       0x33 ..\obj\tm_stm32f4_delay.o
 .ARM.attributes
                0x00000132       0x33 ..\obj\hd44780.o
 .ARM.attributes
                0x00000165       0x33 ..\obj\tm_stm32f4_onewire.o
 .ARM.attributes
                0x00000198       0x33 ..\obj\stm32f4xx_gpio.o
 .ARM.attributes
                0x000001cb       0x33 ..\obj\system_stm32f4xx.o
 .ARM.attributes
                0x000001fe       0x33 ..\obj\syscalls.o
 .ARM.attributes
                0x00000231       0x33 ..\obj\stm32f4xx_i2c.o
 .ARM.attributes
                0x00000264       0x33 ..\obj\stm32f4xx_exti.o
 .ARM.attributes
                0x00000297       0x33 ..\obj\misc.o
 .ARM.attributes
                0x000002ca       0x33 ..\obj\tm_stm32f4_gpio.o
 .ARM.attributes
                0x000002fd       0x1e c:/gnutoolchain/5.4_2016q2/bin/../lib/gcc/arm-none-eabi/5.4.1/armv7e-m\libgcc.a(_arm_addsubdf3.o)
 .ARM.attributes
                0x0000031b       0x1e c:/gnutoolchain/5.4_2016q2/bin/../lib/gcc/arm-none-eabi/5.4.1/armv7e-m\libgcc.a(_arm_cmpdf2.o)
 .ARM.attributes
                0x00000339       0x1e c:/gnutoolchain/5.4_2016q2/bin/../lib/gcc/arm-none-eabi/5.4.1/armv7e-m\libgcc.a(_arm_addsubsf3.o)
 .ARM.attributes
                0x00000357       0x1e c:/gnutoolchain/5.4_2016q2/bin/../lib/gcc/arm-none-eabi/5.4.1/armv7e-m\libgcc.a(_arm_muldivsf3.o)
 .ARM.attributes
                0x00000375       0x1e c:/gnutoolchain/5.4_2016q2/bin/../lib/gcc/arm-none-eabi/5.4.1/armv7e-m\libgcc.a(_arm_cmpsf2.o)
 .ARM.attributes
                0x00000393       0x2e c:/gnutoolchain/5.4_2016q2/bin/../lib/gcc/arm-none-eabi/5.4.1/../../../../arm-none-eabi/lib/armv7e-m\libg.a(lib_a-mallocr.o)
 .ARM.attributes
                0x000003c1       0x2e c:/gnutoolchain/5.4_2016q2/bin/../lib/gcc/arm-none-eabi/5.4.1/../../../../arm-none-eabi/lib/armv7e-m\libg.a(lib_a-mlock.o)
 .ARM.attributes
                0x000003ef       0x2e c:/gnutoolchain/5.4_2016q2/bin/../lib/gcc/arm-none-eabi/5.4.1/../../../../arm-none-eabi/lib/armv7e-m\libg.a(lib_a-sbrkr.o)
 .ARM.attributes
                0x0000041d       0x2e c:/gnutoolchain/5.4_2016q2/bin/../lib/gcc/arm-none-eabi/5.4.1/../../../../arm-none-eabi/lib/armv7e-m\libg.a(lib_a-sprintf.o)
 .ARM.attributes
                0x0000044b       0x2e c:/gnutoolchain/5.4_2016q2/bin/../lib/gcc/arm-none-eabi/5.4.1/../../../../arm-none-eabi/lib/armv7e-m\libg.a(lib_a-svfprintf.o)
 .ARM.attributes
                0x00000479       0x2e c:/gnutoolchain/5.4_2016q2/bin/../lib/gcc/arm-none-eabi/5.4.1/../../../../arm-none-eabi/lib/armv7e-m\libg.a(lib_a-dtoa.o)
 .ARM.attributes
                0x000004a7       0x2e c:/gnutoolchain/5.4_2016q2/bin/../lib/gcc/arm-none-eabi/5.4.1/../../../../arm-none-eabi/lib/armv7e-m\libg.a(lib_a-freer.o)
 .ARM.attributes
                0x000004d5       0x2e c:/gnutoolchain/5.4_2016q2/bin/../lib/gcc/arm-none-eabi/5.4.1/../../../../arm-none-eabi/lib/armv7e-m\libg.a(lib_a-impure.o)
 .ARM.attributes
                0x00000503       0x2e c:/gnutoolchain/5.4_2016q2/bin/../lib/gcc/arm-none-eabi/5.4.1/../../../../arm-none-eabi/lib/armv7e-m\libg.a(lib_a-locale.o)
 .ARM.attributes
                0x00000531       0x1c c:/gnutoolchain/5.4_2016q2/bin/../lib/gcc/arm-none-eabi/5.4.1/../../../../arm-none-eabi/lib/armv7e-m\libg.a(lib_a-memchr.o)
 .ARM.attributes
                0x0000054d       0x1c c:/gnutoolchain/5.4_2016q2/bin/../lib/gcc/arm-none-eabi/5.4.1/../../../../arm-none-eabi/lib/armv7e-m\libg.a(lib_a-memcpy.o)
 .ARM.attributes
                0x00000569       0x2e c:/gnutoolchain/5.4_2016q2/bin/../lib/gcc/arm-none-eabi/5.4.1/../../../../arm-none-eabi/lib/armv7e-m\libg.a(lib_a-mprec.o)
 .ARM.attributes
                0x00000597       0x2e c:/gnutoolchain/5.4_2016q2/bin/../lib/gcc/arm-none-eabi/5.4.1/../../../../arm-none-eabi/lib/armv7e-m\libg.a(lib_a-reent.o)
 .ARM.attributes
                0x000005c5       0x1c c:/gnutoolchain/5.4_2016q2/bin/../lib/gcc/arm-none-eabi/5.4.1/../../../../arm-none-eabi/lib/armv7e-m\libg.a(lib_a-strlen.o)
 .ARM.attributes
                0x000005e1       0x2e c:/gnutoolchain/5.4_2016q2/bin/../lib/gcc/arm-none-eabi/5.4.1/../../../../arm-none-eabi/lib/armv7e-m\libg.a(lib_a-svfiprintf.o)
 .ARM.attributes
                0x0000060f       0x2e c:/gnutoolchain/5.4_2016q2/bin/../lib/gcc/arm-none-eabi/5.4.1/../../../../arm-none-eabi/lib/armv7e-m\libg.a(lib_a-callocr.o)
 .ARM.attributes
                0x0000063d       0x2e c:/gnutoolchain/5.4_2016q2/bin/../lib/gcc/arm-none-eabi/5.4.1/../../../../arm-none-eabi/lib/armv7e-m\libg.a(lib_a-memmove.o)
 .ARM.attributes
                0x0000066b       0x2e c:/gnutoolchain/5.4_2016q2/bin/../lib/gcc/arm-none-eabi/5.4.1/../../../../arm-none-eabi/lib/armv7e-m\libg.a(lib_a-memset.o)
 .ARM.attributes
                0x00000699       0x2e c:/gnutoolchain/5.4_2016q2/bin/../lib/gcc/arm-none-eabi/5.4.1/../../../../arm-none-eabi/lib/armv7e-m\libg.a(lib_a-reallocr.o)
 .ARM.attributes
                0x000006c7       0x1e c:/gnutoolchain/5.4_2016q2/bin/../lib/gcc/arm-none-eabi/5.4.1/armv7e-m\libgcc.a(_arm_muldivdf3.o)
 .ARM.attributes
                0x000006e5       0x1e c:/gnutoolchain/5.4_2016q2/bin/../lib/gcc/arm-none-eabi/5.4.1/armv7e-m\libgcc.a(_arm_unorddf2.o)
 .ARM.attributes
                0x00000703       0x1e c:/gnutoolchain/5.4_2016q2/bin/../lib/gcc/arm-none-eabi/5.4.1/armv7e-m\libgcc.a(_arm_fixdfsi.o)
 .ARM.attributes
                0x00000721       0x1e c:/gnutoolchain/5.4_2016q2/bin/../lib/gcc/arm-none-eabi/5.4.1/armv7e-m\libgcc.a(_aeabi_uldivmod.o)
 .ARM.attributes
                0x0000073f       0x2e c:/gnutoolchain/5.4_2016q2/bin/../lib/gcc/arm-none-eabi/5.4.1/armv7e-m\libgcc.a(_udivmoddi4.o)
 .ARM.attributes
                0x0000076d       0x1e c:/gnutoolchain/5.4_2016q2/bin/../lib/gcc/arm-none-eabi/5.4.1/armv7e-m\libgcc.a(_dvmd_tls.o)

.debug_frame    0x00000000     0x266c
 .debug_frame   0x00000000       0xf4 ..\obj\stm32f4xx_syscfg.o
 .debug_frame   0x000000f4      0x1a4 ..\obj\tm_stm32f4_ds18b20.o
 .debug_frame   0x00000298       0x4c ..\obj\startup_stm32f4xx.o
 .debug_frame   0x000002e4       0xc8 ..\obj\main.o
 .debug_frame   0x000003ac      0x6d4 ..\obj\stm32f4xx_rcc.o
 .debug_frame   0x00000a80      0x1ec ..\obj\tm_stm32f4_delay.o
 .debug_frame   0x00000c6c      0x1b0 ..\obj\hd44780.o
 .debug_frame   0x00000e1c      0x2d8 ..\obj\tm_stm32f4_onewire.o
 .debug_frame   0x000010f4      0x23c ..\obj\stm32f4xx_gpio.o
 .debug_frame   0x00001330       0x7c ..\obj\system_stm32f4xx.o
 .debug_frame   0x000013ac      0x168 ..\obj\syscalls.o
 .debug_frame   0x00001514      0x530 ..\obj\stm32f4xx_i2c.o
 .debug_frame   0x00001a44      0x148 ..\obj\stm32f4xx_exti.o
 .debug_frame   0x00001b8c       0xd8 ..\obj\misc.o
 .debug_frame   0x00001c64      0x274 ..\obj\tm_stm32f4_gpio.o
 .debug_frame   0x00001ed8       0x58 c:/gnutoolchain/5.4_2016q2/bin/../lib/gcc/arm-none-eabi/5.4.1/../../../../arm-none-eabi/lib/armv7e-m\libg.a(lib_a-mallocr.o)
 .debug_frame   0x00001f30       0x30 c:/gnutoolchain/5.4_2016q2/bin/../lib/gcc/arm-none-eabi/5.4.1/../../../../arm-none-eabi/lib/armv7e-m\libg.a(lib_a-mlock.o)
 .debug_frame   0x00001f60       0x2c c:/gnutoolchain/5.4_2016q2/bin/../lib/gcc/arm-none-eabi/5.4.1/../../../../arm-none-eabi/lib/armv7e-m\libg.a(lib_a-sbrkr.o)
 .debug_frame   0x00001f8c       0x84 c:/gnutoolchain/5.4_2016q2/bin/../lib/gcc/arm-none-eabi/5.4.1/../../../../arm-none-eabi/lib/armv7e-m\libg.a(lib_a-sprintf.o)
 .debug_frame   0x00002010       0x44 c:/gnutoolchain/5.4_2016q2/bin/../lib/gcc/arm-none-eabi/5.4.1/../../../../arm-none-eabi/lib/armv7e-m\libg.a(lib_a-svfprintf.o)
 .debug_frame   0x00002054       0x88 c:/gnutoolchain/5.4_2016q2/bin/../lib/gcc/arm-none-eabi/5.4.1/../../../../arm-none-eabi/lib/armv7e-m\libg.a(lib_a-dtoa.o)
 .debug_frame   0x000020dc       0x74 c:/gnutoolchain/5.4_2016q2/bin/../lib/gcc/arm-none-eabi/5.4.1/../../../../arm-none-eabi/lib/armv7e-m\libg.a(lib_a-freer.o)
 .debug_frame   0x00002150       0x9c c:/gnutoolchain/5.4_2016q2/bin/../lib/gcc/arm-none-eabi/5.4.1/../../../../arm-none-eabi/lib/armv7e-m\libg.a(lib_a-locale.o)
 .debug_frame   0x000021ec      0x264 c:/gnutoolchain/5.4_2016q2/bin/../lib/gcc/arm-none-eabi/5.4.1/../../../../arm-none-eabi/lib/armv7e-m\libg.a(lib_a-mprec.o)
 .debug_frame   0x00002450       0x58 c:/gnutoolchain/5.4_2016q2/bin/../lib/gcc/arm-none-eabi/5.4.1/../../../../arm-none-eabi/lib/armv7e-m\libg.a(lib_a-reent.o)
 .debug_frame   0x000024a8       0x78 c:/gnutoolchain/5.4_2016q2/bin/../lib/gcc/arm-none-eabi/5.4.1/../../../../arm-none-eabi/lib/armv7e-m\libg.a(lib_a-svfiprintf.o)
 .debug_frame   0x00002520       0x28 c:/gnutoolchain/5.4_2016q2/bin/../lib/gcc/arm-none-eabi/5.4.1/../../../../arm-none-eabi/lib/armv7e-m\libg.a(lib_a-callocr.o)
 .debug_frame   0x00002548       0x30 c:/gnutoolchain/5.4_2016q2/bin/../lib/gcc/arm-none-eabi/5.4.1/../../../../arm-none-eabi/lib/armv7e-m\libg.a(lib_a-memmove.o)
 .debug_frame   0x00002578       0x34 c:/gnutoolchain/5.4_2016q2/bin/../lib/gcc/arm-none-eabi/5.4.1/../../../../arm-none-eabi/lib/armv7e-m\libg.a(lib_a-memset.o)
 .debug_frame   0x000025ac       0x60 c:/gnutoolchain/5.4_2016q2/bin/../lib/gcc/arm-none-eabi/5.4.1/../../../../arm-none-eabi/lib/armv7e-m\libg.a(lib_a-reallocr.o)
 .debug_frame   0x0000260c       0x2c c:/gnutoolchain/5.4_2016q2/bin/../lib/gcc/arm-none-eabi/5.4.1/armv7e-m\libgcc.a(_aeabi_uldivmod.o)
 .debug_frame   0x00002638       0x34 c:/gnutoolchain/5.4_2016q2/bin/../lib/gcc/arm-none-eabi/5.4.1/armv7e-m\libgcc.a(_udivmoddi4.o)
